../Core/Src/main.c:101:5:main	16	static
../Core/Src/main.c:213:6:SystemClock_Config	112	static
../Core/Src/main.c:271:13:MX_RTC_Init	32	static
../Core/Src/main.c:335:13:MX_SPI1_Init	8	static
../Core/Src/main.c:373:13:MX_TIM2_Init	32	static
../Core/Src/main.c:418:13:MX_TIM21_Init	32	static
../Core/Src/main.c:463:13:MX_USART2_UART_Init	8	static
../Core/Src/main.c:498:13:MX_GPIO_Init	48	static
../Core/Src/main.c:559:6:HAL_GPIO_EXTI_Callback	16	static
../Core/Src/main.c:608:6:HAL_UART_RxCpltCallback	24	static
../Core/Src/main.c:625:6:Error_Handler	8	static,ignoring_inline_asm
