Archive member included to satisfy reference by file (symbol)

c:/st/stm32cubeide_1.9.0/stm32cubeide/plugins/com.st.stm32cube.ide.mcu.externaltools.gnu-tools-for-stm32.10.3-2021.10.win32_1.0.0.202111181127/tools/bin/../lib/gcc/arm-none-eabi/10.3.1/../../../../arm-none-eabi/lib/thumb/v6-m/nofp\libc_nano.a(lib_a-errno.o)
                              ./Core/Src/syscalls.o (__errno)
c:/st/stm32cubeide_1.9.0/stm32cubeide/plugins/com.st.stm32cube.ide.mcu.externaltools.gnu-tools-for-stm32.10.3-2021.10.win32_1.0.0.202111181127/tools/bin/../lib/gcc/arm-none-eabi/10.3.1/../../../../arm-none-eabi/lib/thumb/v6-m/nofp\libc_nano.a(lib_a-exit.o)
                              c:/st/stm32cubeide_1.9.0/stm32cubeide/plugins/com.st.stm32cube.ide.mcu.externaltools.gnu-tools-for-stm32.10.3-2021.10.win32_1.0.0.202111181127/tools/bin/../lib/gcc/arm-none-eabi/10.3.1/../../../../arm-none-eabi/lib/thumb/v6-m/nofp/crt0.o (exit)
c:/st/stm32cubeide_1.9.0/stm32cubeide/plugins/com.st.stm32cube.ide.mcu.externaltools.gnu-tools-for-stm32.10.3-2021.10.win32_1.0.0.202111181127/tools/bin/../lib/gcc/arm-none-eabi/10.3.1/../../../../arm-none-eabi/lib/thumb/v6-m/nofp\libc_nano.a(lib_a-impure.o)
                              c:/st/stm32cubeide_1.9.0/stm32cubeide/plugins/com.st.stm32cube.ide.mcu.externaltools.gnu-tools-for-stm32.10.3-2021.10.win32_1.0.0.202111181127/tools/bin/../lib/gcc/arm-none-eabi/10.3.1/../../../../arm-none-eabi/lib/thumb/v6-m/nofp\libc_nano.a(lib_a-exit.o) (_global_impure_ptr)
c:/st/stm32cubeide_1.9.0/stm32cubeide/plugins/com.st.stm32cube.ide.mcu.externaltools.gnu-tools-for-stm32.10.3-2021.10.win32_1.0.0.202111181127/tools/bin/../lib/gcc/arm-none-eabi/10.3.1/../../../../arm-none-eabi/lib/thumb/v6-m/nofp\libc_nano.a(lib_a-init.o)
                              c:/st/stm32cubeide_1.9.0/stm32cubeide/plugins/com.st.stm32cube.ide.mcu.externaltools.gnu-tools-for-stm32.10.3-2021.10.win32_1.0.0.202111181127/tools/bin/../lib/gcc/arm-none-eabi/10.3.1/../../../../arm-none-eabi/lib/thumb/v6-m/nofp/crt0.o (__libc_init_array)
c:/st/stm32cubeide_1.9.0/stm32cubeide/plugins/com.st.stm32cube.ide.mcu.externaltools.gnu-tools-for-stm32.10.3-2021.10.win32_1.0.0.202111181127/tools/bin/../lib/gcc/arm-none-eabi/10.3.1/../../../../arm-none-eabi/lib/thumb/v6-m/nofp\libc_nano.a(lib_a-itoa.o)
                              ./Core/Src/main.o (itoa)
c:/st/stm32cubeide_1.9.0/stm32cubeide/plugins/com.st.stm32cube.ide.mcu.externaltools.gnu-tools-for-stm32.10.3-2021.10.win32_1.0.0.202111181127/tools/bin/../lib/gcc/arm-none-eabi/10.3.1/../../../../arm-none-eabi/lib/thumb/v6-m/nofp\libc_nano.a(lib_a-memset.o)
                              c:/st/stm32cubeide_1.9.0/stm32cubeide/plugins/com.st.stm32cube.ide.mcu.externaltools.gnu-tools-for-stm32.10.3-2021.10.win32_1.0.0.202111181127/tools/bin/../lib/gcc/arm-none-eabi/10.3.1/../../../../arm-none-eabi/lib/thumb/v6-m/nofp/crt0.o (memset)
c:/st/stm32cubeide_1.9.0/stm32cubeide/plugins/com.st.stm32cube.ide.mcu.externaltools.gnu-tools-for-stm32.10.3-2021.10.win32_1.0.0.202111181127/tools/bin/../lib/gcc/arm-none-eabi/10.3.1/../../../../arm-none-eabi/lib/thumb/v6-m/nofp\libc_nano.a(lib_a-strlen.o)
                              ./Core/Src/main.o (strlen)
c:/st/stm32cubeide_1.9.0/stm32cubeide/plugins/com.st.stm32cube.ide.mcu.externaltools.gnu-tools-for-stm32.10.3-2021.10.win32_1.0.0.202111181127/tools/bin/../lib/gcc/arm-none-eabi/10.3.1/../../../../arm-none-eabi/lib/thumb/v6-m/nofp\libc_nano.a(lib_a-utoa.o)
                              c:/st/stm32cubeide_1.9.0/stm32cubeide/plugins/com.st.stm32cube.ide.mcu.externaltools.gnu-tools-for-stm32.10.3-2021.10.win32_1.0.0.202111181127/tools/bin/../lib/gcc/arm-none-eabi/10.3.1/../../../../arm-none-eabi/lib/thumb/v6-m/nofp\libc_nano.a(lib_a-itoa.o) (__utoa)
c:/st/stm32cubeide_1.9.0/stm32cubeide/plugins/com.st.stm32cube.ide.mcu.externaltools.gnu-tools-for-stm32.10.3-2021.10.win32_1.0.0.202111181127/tools/bin/../lib/gcc/arm-none-eabi/10.3.1/../../../../arm-none-eabi/lib/thumb/v6-m/nofp\libc_nano.a(lib_a-memcpy-stub.o)
                              c:/st/stm32cubeide_1.9.0/stm32cubeide/plugins/com.st.stm32cube.ide.mcu.externaltools.gnu-tools-for-stm32.10.3-2021.10.win32_1.0.0.202111181127/tools/bin/../lib/gcc/arm-none-eabi/10.3.1/../../../../arm-none-eabi/lib/thumb/v6-m/nofp\libc_nano.a(lib_a-utoa.o) (memcpy)
c:/st/stm32cubeide_1.9.0/stm32cubeide/plugins/com.st.stm32cube.ide.mcu.externaltools.gnu-tools-for-stm32.10.3-2021.10.win32_1.0.0.202111181127/tools/bin/../lib/gcc/arm-none-eabi/10.3.1/thumb/v6-m/nofp\libgcc.a(_udivsi3.o)
                              ./Core/Src/mem.o (__aeabi_uidiv)
c:/st/stm32cubeide_1.9.0/stm32cubeide/plugins/com.st.stm32cube.ide.mcu.externaltools.gnu-tools-for-stm32.10.3-2021.10.win32_1.0.0.202111181127/tools/bin/../lib/gcc/arm-none-eabi/10.3.1/thumb/v6-m/nofp\libgcc.a(_dvmd_tls.o)
[...]
Memory Configuration

Name             Origin             Length             Attributes
RAM              0x0000000020000000 0x0000000000002000 xrw
FLASH            0x0000000008000000 0x0000000000008000 xr
*default*        0x0000000000000000 0xffffffffffffffff

Linker script and memory map

LOAD c:/st/stm32cubeide_1.9.0/stm32cubeide/plugins/com.st.stm32cube.ide.mcu.externaltools.gnu-tools-for-stm32.10.3-2021.10.win32_1.0.0.202111181127/tools/bin/../lib/gcc/arm-none-eabi/10.3.1/thumb/v6-m/nofp/crti.o
LOAD c:/st/stm32cubeide_1.9.0/stm32cubeide/plugins/com.st.stm32cube.ide.mcu.externaltools.gnu-tools-for-stm32.10.3-2021.10.win32_1.0.0.202111181127/tools/bin/../lib/gcc/arm-none-eabi/10.3.1/thumb/v6-m/nofp/crtbegin.o
LOAD c:/st/stm32cubeide_1.9.0/stm32cubeide/plugins/com.st.stm32cube.ide.mcu.externaltools.gnu-tools-for-stm32.10.3-2021.10.win32_1.0.0.202111181127/tools/bin/../lib/gcc/arm-none-eabi/10.3.1/../../../../arm-none-eabi/lib/thumb/v6-m/nofp/crt0.o
LOAD ./Core/Src/bma280.o
LOAD ./Core/Src/main.o
LOAD ./Core/Src/mem.o
LOAD ./Core/Src/stm32l0xx_hal_msp.o
LOAD ./Core/Src/stm32l0xx_it.o
LOAD ./Core/Src/syscalls.o
LOAD ./Core/Src/sysmem.o
LOAD ./Core/Src/system_stm32l0xx.o
LOAD ./Core/Startup/startup_stm32l031g6ux.o
LOAD ./Drivers/STM32L0xx_HAL_Driver/Src/stm32l0xx_hal.o
LOAD ./Drivers/STM32L0xx_HAL_Driver/Src/stm32l0xx_hal_cortex.o
LOAD ./Drivers/STM32L0xx_HAL_Driver/Src/stm32l0xx_hal_dma.o
LOAD ./Drivers/STM32L0xx_HAL_Driver/Src/stm32l0xx_hal_exti.o
LOAD ./Drivers/STM32L0xx_HAL_Driver/Src/stm32l0xx_hal_flash.o
LOAD ./Drivers/STM32L0xx_HAL_Driver/Src/stm32l0xx_hal_flash_ex.o
LOAD ./Drivers/STM32L0xx_HAL_Driver/Src/stm32l0xx_hal_flash_ramfunc.o
LOAD ./Drivers/STM32L0xx_HAL_Driver/Src/stm32l0xx_hal_gpio.o
LOAD ./Drivers/STM32L0xx_HAL_Driver/Src/stm32l0xx_hal_i2c.o
LOAD ./Drivers/STM32L0xx_HAL_Driver/Src/stm32l0xx_hal_i2c_ex.o
LOAD ./Drivers/STM32L0xx_HAL_Driver/Src/stm32l0xx_hal_pwr.o
LOAD ./Drivers/STM32L0xx_HAL_Driver/Src/stm32l0xx_hal_pwr_ex.o
LOAD ./Drivers/STM32L0xx_HAL_Driver/Src/stm32l0xx_hal_rcc.o
LOAD ./Drivers/STM32L0xx_HAL_Driver/Src/stm32l0xx_hal_rcc_ex.o
LOAD ./Drivers/STM32L0xx_HAL_Driver/Src/stm32l0xx_hal_rtc.o
LOAD ./Drivers/STM32L0xx_HAL_Driver/Src/stm32l0xx_hal_rtc_ex.o
LOAD ./Drivers/STM32L0xx_HAL_Driver/Src/stm32l0xx_hal_spi.o
LOAD ./Drivers/STM32L0xx_HAL_Driver/Src/stm32l0xx_hal_tim.o
LOAD ./Drivers/STM32L0xx_HAL_Driver/Src/stm32l0xx_hal_tim_ex.o
LOAD ./Drivers/STM32L0xx_HAL_Driver/Src/stm32l0xx_hal_uart.o
LOAD ./Drivers/STM32L0xx_HAL_Driver/Src/stm32l0xx_hal_uart_ex.o
START GROUP
LOAD c:/st/stm32cubeide_1.9.0/stm32cubeide/plugins/com.st.stm32cube.ide.mcu.externaltools.gnu-tools-for-stm32.10.3-2021.10.win32_1.0.0.202111181127/tools/bin/../lib/gcc/arm-none-eabi/10.3.1/../../../../arm-none-eabi/lib/thumb/v6-m/nofp\libc_nano.a
LOAD c:/st/stm32cubeide_1.9.0/stm32cubeide/plugins/com.st.stm32cube.ide.mcu.externaltools.gnu-tools-for-stm32.10.3-2021.10.win32_1.0.0.202111181127/tools/bin/../lib/gcc/arm-none-eabi/10.3.1/../../../../arm-none-eabi/lib/thumb/v6-m/nofp\libm.a
END GROUP
START GROUP
LOAD c:/st/stm32cubeide_1.9.0/stm32cubeide/plugins/com.st.stm32cube.ide.mcu.externaltools.gnu-tools-for-stm32.10.3-2021.10.win32_1.0.0.202111181127/tools/bin/../lib/gcc/arm-none-eabi/10.3.1/thumb/v6-m/nofp\libgcc.a
LOAD c:/st/stm32cubeide_1.9.0/stm32cubeide/plugins/com.st.stm32cube.ide.mcu.externaltools.gnu-tools-for-stm32.10.3-2021.10.win32_1.0.0.202111181127/tools/bin/../lib/gcc/arm-none-eabi/10.3.1/../../../../arm-none-eabi/lib/thumb/v6-m/nofp\libc_nano.a
END GROUP
START GROUP
LOAD c:/st/stm32cubeide_1.9.0/stm32cubeide/plugins/com.st.stm32cube.ide.mcu.externaltools.gnu-tools-for-stm32.10.3-2021.10.win32_1.0.0.202111181127/tools/bin/../lib/gcc/arm-none-eabi/10.3.1/thumb/v6-m/nofp\libgcc.a
LOAD c:/st/stm32cubeide_1.9.0/stm32cubeide/plugins/com.st.stm32cube.ide.mcu.externaltools.gnu-tools-for-stm32.10.3-2021.10.win32_1.0.0.202111181127/tools/bin/../lib/gcc/arm-none-eabi/10.3.1/../../../../arm-none-eabi/lib/thumb/v6-m/nofp\libc_nano.a
LOAD c:/st/stm32cubeide_1.9.0/stm32cubeide/plugins/com.st.stm32cube.ide.mcu.externaltools.gnu-tools-for-stm32.10.3-2021.10.win32_1.0.0.202111181127/tools/bin/../lib/gcc/arm-none-eabi/10.3.1/../../../../arm-none-eabi/lib/thumb/v6-m/nofp\libnosys.a
END GROUP
START GROUP
LOAD c:/st/stm32cubeide_1.9.0/stm32cubeide/plugins/com.st.stm32cube.ide.mcu.externaltools.gnu-tools-for-stm32.10.3-2021.10.win32_1.0.0.202111181127/tools/bin/../lib/gcc/arm-none-eabi/10.3.1/thumb/v6-m/nofp\libgcc.a
LOAD c:/st/stm32cubeide_1.9.0/stm32cubeide/plugins/com.st.stm32cube.ide.mcu.externaltools.gnu-tools-for-stm32.10.3-2021.10.win32_1.0.0.202111181127/tools/bin/../lib/gcc/arm-none-eabi/10.3.1/../../../../arm-none-eabi/lib/thumb/v6-m/nofp\libc_nano.a
LOAD c:/st/stm32cubeide_1.9.0/stm32cubeide/plugins/com.st.stm32cube.ide.mcu.externaltools.gnu-tools-for-stm32.10.3-2021.10.win32_1.0.0.202111181127/tools/bin/../lib/gcc/arm-none-eabi/10.3.1/../../../../arm-none-eabi/lib/thumb/v6-m/nofp\libnosys.a
END GROUP
LOAD c:/st/stm32cubeide_1.9.0/stm32cubeide/plugins/com.st.stm32cube.ide.mcu.externaltools.gnu-tools-for-stm32.10.3-2021.10.win32_1.0.0.202111181127/tools/bin/../lib/gcc/arm-none-eabi/10.3.1/thumb/v6-m/nofp/crtend.o
LOAD c:/st/stm32cubeide_1.9.0/stm32cubeide/plugins/com.st.stm32cube.ide.mcu.externaltools.gnu-tools-for-stm32.10.3-2021.10.win32_1.0.0.202111181127/tools/bin/../lib/gcc/arm-none-eabi/10.3.1/thumb/v6-m/nofp/crtn.o
                0x0000000020002000                _estack = (ORIGIN (RAM) + LENGTH (RAM))
                0x0000000000000200                _Min_Heap_Size = 0x200
                0x0000000000000400                _Min_Stack_Size = 0x400

.isr_vector     0x0000000008000000       0xc0
                0x0000000008000000                . = ALIGN (0x4)
 *(.isr_vector)
 .isr_vector    0x0000000008000000       0xc0 ./Core/Startup/startup_stm32l031g6ux.o
                0x0000000008000000                g_pfnVectors
                0x00000000080000c0                . = ALIGN (0x4)

.text           0x00000000080000c0     0x5090
                0x00000000080000c0                . = ALIGN (0x4)
 *(.text)
 .text          0x00000000080000c0       0x48 c:/st/stm32cubeide_1.9.0/stm32cubeide/plugins/com.st.stm32cube.ide.mcu.externaltools.gnu-tools-for-stm32.10.3-2021.10.win32_1.0.0.202111181127/tools/bin/../lib/gcc/arm-none-eabi/10.3.1/thumb/v6-m/nofp/crtbegin.o
 .text          0x0000000008000108        0xe c:/st/stm32cubeide_1.9.0/stm32cubeide/plugins/com.st.stm32cube.ide.mcu.externaltools.gnu-tools-for-stm32.10.3-2021.10.win32_1.0.0.202111181127/tools/bin/../lib/gcc/arm-none-eabi/10.3.1/../../../../arm-none-eabi/lib/thumb/v6-m/nofp\libc_nano.a(lib_a-strlen.o)
                0x0000000008000108                strlen
 *fill*         0x0000000008000116        0x2 
 .text          0x0000000008000118      0x114 c:/st/stm32cubeide_1.9.0/stm32cubeide/plugins/com.st.stm32cube.ide.mcu.externaltools.gnu-tools-for-stm32.10.3-2021.10.win32_1.0.0.202111181127/tools/bin/../lib/gcc/arm-none-eabi/10.3.1/thumb/v6-m/nofp\libgcc.a(_udivsi3.o)
                0x0000000008000118                __aeabi_uidiv
                0x0000000008000118                __udivsi3
                0x0000000008000224                __aeabi_uidivmod
 .text          0x000000000800022c        0x4 c:/st/stm32cubeide_1.9.0/stm32cubeide/plugins/com.st.stm32cube.ide.mcu.externaltools.gnu-tools-for-stm32.10.3-2021.10.win32_1.0.0.202111181127/tools/bin/../lib/gcc/arm-none-eabi/10.3.1/thumb/v6-m/nofp\libgcc.a(_dvmd_tls.o)
                0x000000000800022c                __aeabi_idiv0
                0x000000000800022c                __aeabi_ldiv0
 .text          0x0000000008000230       0x40 c:/st/stm32cubeide_1.9.0/stm32cubeide/plugins/com.st.stm32cube.ide.mcu.externaltools.gnu-tools-for-stm32.10.3-2021.10.win32_1.0.0.202111181127/tools/bin/../lib/gcc/arm-none-eabi/10.3.1/thumb/v6-m/nofp\libgcc.a(_aeabi_uldivmod.o)
                0x0000000008000230                __aeabi_uldivmod
 .text          0x0000000008000270       0x5c c:/st/stm32cubeide_1.9.0/stm32cubeide/plugins/com.st.stm32cube.ide.mcu.externaltools.gnu-tools-for-stm32.10.3-2021.10.win32_1.0.0.202111181127/tools/bin/../lib/gcc/arm-none-eabi/10.3.1/thumb/v6-m/nofp\libgcc.a(_muldi3.o)
                0x0000000008000270                __muldi3
                0x0000000008000270                __aeabi_lmul
 .text          0x00000000080002cc      0x198 c:/st/stm32cubeide_1.9.0/stm32cubeide/plugins/com.st.stm32cube.ide.mcu.externaltools.gnu-tools-for-stm32.10.3-2021.10.win32_1.0.0.202111181127/tools/bin/../lib/gcc/arm-none-eabi/10.3.1/thumb/v6-m/nofp\libgcc.a(_udivmoddi4.o)
                0x00000000080002cc                __udivmoddi4
 .text          0x0000000008000464       0x18 c:/st/stm32cubeide_1.9.0/stm32cubeide/plugins/com.st.stm32cube.ide.mcu.externaltools.gnu-tools-for-stm32.10.3-2021.10.win32_1.0.0.202111181127/tools/bin/../lib/gcc/arm-none-eabi/10.3.1/thumb/v6-m/nofp\libgcc.a(_clzdi2.o)
                0x0000000008000464                __clzdi2
 .text          0x000000000800047c       0x3c c:/st/stm32cubeide_1.9.0/stm32cubeide/plugins/com.st.stm32cube.ide.mcu.externaltools.gnu-tools-for-stm32.10.3-2021.10.win32_1.0.0.202111181127/tools/bin/../lib/gcc/arm-none-eabi/10.3.1/thumb/v6-m/nofp\libgcc.a(_clzsi2.o)
                0x000000000800047c                __clzsi2
 *(.text*)
 .text.bma280_read
                0x00000000080004b8       0x74 ./Core/Src/bma280.o
                0x00000000080004b8                bma280_read
 .text.bma280_write
                0x000000000800052c       0x64 ./Core/Src/bma280.o
                0x000000000800052c                bma280_write
 .text.bma280_init
                0x0000000008000590       0xa0 ./Core/Src/bma280.o
                0x0000000008000590                bma280_init
 .text.main     0x0000000008000630      0x128 ./Core/Src/main.o
                0x0000000008000630                main
 .text.SystemClock_Config
                0x0000000008000758      0x108 ./Core/Src/main.o
                0x0000000008000758                SystemClock_Config
 .text.MX_RTC_Init
                0x0000000008000860       0xc8 ./Core/Src/main.o
 .text.MX_SPI1_Init
                0x0000000008000928       0x70 ./Core/Src/main.o
 .text.MX_TIM2_Init
                0x0000000008000998       0xa8 ./Core/Src/main.o
 .text.MX_TIM21_Init
                0x0000000008000a40       0xac ./Core/Src/main.o
 .text.MX_USART2_UART_Init
                0x0000000008000aec       0x60 ./Core/Src/main.o
 .text.MX_GPIO_Init
                0x0000000008000b4c      0x108 ./Core/Src/main.o
 .text.HAL_GPIO_EXTI_Callback
                0x0000000008000c54      0x168 ./Core/Src/main.o
                0x0000000008000c54                HAL_GPIO_EXTI_Callback
 .text.Error_Handler
                0x0000000008000dbc        0xa ./Core/Src/main.o
                0x0000000008000dbc                Error_Handler
 *fill*         0x0000000008000dc6        0x2 
 .text.convert_seconds_to_struct
                0x0000000008000dc8       0xa4 ./Core/Src/mem.o
                0x0000000008000dc8                convert_seconds_to_struct
 .text.HAL_MspInit
                0x0000000008000e6c       0x28 ./Core/Src/stm32l0xx_hal_msp.o
                0x0000000008000e6c                HAL_MspInit
 .text.HAL_RTC_MspInit
                0x0000000008000e94       0x30 ./Core/Src/stm32l0xx_hal_msp.o
                0x0000000008000e94                HAL_RTC_MspInit
 .text.HAL_SPI_MspInit
                0x0000000008000ec4       0x98 ./Core/Src/stm32l0xx_hal_msp.o
                0x0000000008000ec4                HAL_SPI_MspInit
 .text.HAL_TIM_Base_MspInit
                0x0000000008000f5c       0x68 ./Core/Src/stm32l0xx_hal_msp.o
                0x0000000008000f5c                HAL_TIM_Base_MspInit
 .text.HAL_UART_MspInit
                0x0000000008000fc4       0x98 ./Core/Src/stm32l0xx_hal_msp.o
                0x0000000008000fc4                HAL_UART_MspInit
 .text.NMI_Handler
                0x000000000800105c        0x6 ./Core/Src/stm32l0xx_it.o
                0x000000000800105c                NMI_Handler
 .text.HardFault_Handler
                0x0000000008001062        0x6 ./Core/Src/stm32l0xx_it.o
                0x0000000008001062                HardFault_Handler
 .text.SVC_Handler
                0x0000000008001068        0xa ./Core/Src/stm32l0xx_it.o
                0x0000000008001068                SVC_Handler
 .text.PendSV_Handler
                0x0000000008001072        0xa ./Core/Src/stm32l0xx_it.o
                0x0000000008001072                PendSV_Handler
 .text.SysTick_Handler
                0x000000000800107c        0xe ./Core/Src/stm32l0xx_it.o
                0x000000000800107c                SysTick_Handler
 .text.EXTI2_3_IRQHandler
                0x000000000800108a       0x16 ./Core/Src/stm32l0xx_it.o
                0x000000000800108a                EXTI2_3_IRQHandler
 .text.TIM2_IRQHandler
                0x00000000080010a0       0x18 ./Core/Src/stm32l0xx_it.o
                0x00000000080010a0                TIM2_IRQHandler
 .text.TIM21_IRQHandler
                0x00000000080010b8       0x18 ./Core/Src/stm32l0xx_it.o
                0x00000000080010b8                TIM21_IRQHandler
 .text.SPI1_IRQHandler
                0x00000000080010d0       0x18 ./Core/Src/stm32l0xx_it.o
                0x00000000080010d0                SPI1_IRQHandler
 .text.USART2_IRQHandler
                0x00000000080010e8       0x18 ./Core/Src/stm32l0xx_it.o
                0x00000000080010e8                USART2_IRQHandler
 .text.SystemInit
                0x0000000008001100        0xa ./Core/Src/system_stm32l0xx.o
                0x0000000008001100                SystemInit
 *fill*         0x000000000800110a        0x2 
 .text.Reset_Handler
                0x000000000800110c       0x50 ./Core/Startup/startup_stm32l031g6ux.o
                0x000000000800110c                Reset_Handler
 .text.Default_Handler
                0x000000000800115c        0x2 ./Core/Startup/startup_stm32l031g6ux.o
                0x000000000800115c                ADC1_COMP_IRQHandler
                0x000000000800115c                PVD_IRQHandler
                0x000000000800115c                I2C1_IRQHandler
                0x000000000800115c                RTC_IRQHandler
                0x000000000800115c                DMA1_Channel4_5_6_7_IRQHandler
                0x000000000800115c                EXTI4_15_IRQHandler
                0x000000000800115c                RCC_IRQHandler
                0x000000000800115c                DMA1_Channel1_IRQHandler
                0x000000000800115c                Default_Handler
                0x000000000800115c                TIM22_IRQHandler
                0x000000000800115c                EXTI0_1_IRQHandler
                0x000000000800115c                WWDG_IRQHandler
                0x000000000800115c                LPUART1_IRQHandler
                0x000000000800115c                DMA1_Channel2_3_IRQHandler
                0x000000000800115c                FLASH_IRQHandler
                0x000000000800115c                LPTIM1_IRQHandler
 *fill*         0x000000000800115e        0x2 
 .text.HAL_Init
                0x0000000008001160       0x40 ./Drivers/STM32L0xx_HAL_Driver/Src/stm32l0xx_hal.o
                0x0000000008001160                HAL_Init
 .text.HAL_InitTick
                0x00000000080011a0       0x68 ./Drivers/STM32L0xx_HAL_Driver/Src/stm32l0xx_hal.o
                0x00000000080011a0                HAL_InitTick
 .text.HAL_IncTick
                0x0000000008001208       0x24 ./Drivers/STM32L0xx_HAL_Driver/Src/stm32l0xx_hal.o
                0x0000000008001208                HAL_IncTick
 .text.HAL_GetTick
                0x000000000800122c       0x14 ./Drivers/STM32L0xx_HAL_Driver/Src/stm32l0xx_hal.o
                0x000000000800122c                HAL_GetTick
 .text.__NVIC_EnableIRQ
                0x0000000008001240       0x34 ./Drivers/STM32L0xx_HAL_Driver/Src/stm32l0xx_hal_cortex.o
 .text.__NVIC_SetPriority
                0x0000000008001274       0xdc ./Drivers/STM32L0xx_HAL_Driver/Src/stm32l0xx_hal_cortex.o
 .text.SysTick_Config
                0x0000000008001350       0x48 ./Drivers/STM32L0xx_HAL_Driver/Src/stm32l0xx_hal_cortex.o
 .text.HAL_NVIC_SetPriority
                0x0000000008001398       0x2a ./Drivers/STM32L0xx_HAL_Driver/Src/stm32l0xx_hal_cortex.o
                0x0000000008001398                HAL_NVIC_SetPriority
 .text.HAL_NVIC_EnableIRQ
                0x00000000080013c2       0x20 ./Drivers/STM32L0xx_HAL_Driver/Src/stm32l0xx_hal_cortex.o
                0x00000000080013c2                HAL_NVIC_EnableIRQ
 .text.HAL_SYSTICK_Config
                0x00000000080013e2       0x1a ./Drivers/STM32L0xx_HAL_Driver/Src/stm32l0xx_hal_cortex.o
                0x00000000080013e2                HAL_SYSTICK_Config
 .text.HAL_DMA_Abort
                0x00000000080013fc       0x80 ./Drivers/STM32L0xx_HAL_Driver/Src/stm32l0xx_hal_dma.o
                0x00000000080013fc                HAL_DMA_Abort
 .text.HAL_DMA_Abort_IT
                0x000000000800147c       0x8e ./Drivers/STM32L0xx_HAL_Driver/Src/stm32l0xx_hal_dma.o
                0x000000000800147c                HAL_DMA_Abort_IT
 *fill*         0x000000000800150a        0x2 
 .text.HAL_GPIO_Init
                0x000000000800150c      0x2dc ./Drivers/STM32L0xx_HAL_Driver/Src/stm32l0xx_hal_gpio.o
                0x000000000800150c                HAL_GPIO_Init
 .text.HAL_GPIO_WritePin
                0x00000000080017e8       0x3a ./Drivers/STM32L0xx_HAL_Driver/Src/stm32l0xx_hal_gpio.o
                0x00000000080017e8                HAL_GPIO_WritePin
 .text.HAL_GPIO_TogglePin
                0x0000000008001822       0x36 ./Drivers/STM32L0xx_HAL_Driver/Src/stm32l0xx_hal_gpio.o
                0x0000000008001822                HAL_GPIO_TogglePin
 .text.HAL_GPIO_EXTI_IRQHandler
                0x0000000008001858       0x38 ./Drivers/STM32L0xx_HAL_Driver/Src/stm32l0xx_hal_gpio.o
                0x0000000008001858                HAL_GPIO_EXTI_IRQHandler
 .text.HAL_PWR_EnableBkUpAccess
                0x0000000008001890       0x1c ./Drivers/STM32L0xx_HAL_Driver/Src/stm32l0xx_hal_pwr.o
                0x0000000008001890                HAL_PWR_EnableBkUpAccess
 .text.HAL_RCC_OscConfig
                0x00000000080018ac      0x6f8 ./Drivers/STM32L0xx_HAL_Driver/Src/stm32l0xx_hal_rcc.o
                0x00000000080018ac                HAL_RCC_OscConfig
 .text.HAL_RCC_ClockConfig
                0x0000000008001fa4      0x290 ./Drivers/STM32L0xx_HAL_Driver/Src/stm32l0xx_hal_rcc.o
                0x0000000008001fa4                HAL_RCC_ClockConfig
 .text.HAL_RCC_GetSysClockFreq
                0x0000000008002234      0x14c ./Drivers/STM32L0xx_HAL_Driver/Src/stm32l0xx_hal_rcc.o
                0x0000000008002234                HAL_RCC_GetSysClockFreq
 .text.HAL_RCC_GetHCLKFreq
                0x0000000008002380       0x14 ./Drivers/STM32L0xx_HAL_Driver/Src/stm32l0xx_hal_rcc.o
                0x0000000008002380                HAL_RCC_GetHCLKFreq
 .text.HAL_RCC_GetPCLK1Freq
                0x0000000008002394       0x2c ./Drivers/STM32L0xx_HAL_Driver/Src/stm32l0xx_hal_rcc.o
                0x0000000008002394                HAL_RCC_GetPCLK1Freq
 .text.HAL_RCC_GetPCLK2Freq
                0x00000000080023c0       0x2c ./Drivers/STM32L0xx_HAL_Driver/Src/stm32l0xx_hal_rcc.o
                0x00000000080023c0                HAL_RCC_GetPCLK2Freq
 .text.HAL_RCCEx_PeriphCLKConfig
                0x00000000080023ec      0x24c ./Drivers/STM32L0xx_HAL_Driver/Src/stm32l0xx_hal_rcc_ex.o
                0x00000000080023ec                HAL_RCCEx_PeriphCLKConfig
 .text.HAL_RTC_Init
                0x0000000008002638      0x13c ./Drivers/STM32L0xx_HAL_Driver/Src/stm32l0xx_hal_rtc.o
                0x0000000008002638                HAL_RTC_Init
 .text.HAL_RTC_SetTime
                0x0000000008002774      0x188 ./Drivers/STM32L0xx_HAL_Driver/Src/stm32l0xx_hal_rtc.o
                0x0000000008002774                HAL_RTC_SetTime
 .text.HAL_RTC_GetTime
                0x00000000080028fc       0xb8 ./Drivers/STM32L0xx_HAL_Driver/Src/stm32l0xx_hal_rtc.o
                0x00000000080028fc                HAL_RTC_GetTime
 .text.HAL_RTC_SetDate
                0x00000000080029b4      0x15c ./Drivers/STM32L0xx_HAL_Driver/Src/stm32l0xx_hal_rtc.o
                0x00000000080029b4                HAL_RTC_SetDate
 .text.HAL_RTC_GetDate
                0x0000000008002b10       0x9c ./Drivers/STM32L0xx_HAL_Driver/Src/stm32l0xx_hal_rtc.o
                0x0000000008002b10                HAL_RTC_GetDate
 .text.HAL_RTC_WaitForSynchro
                0x0000000008002bac       0x4e ./Drivers/STM32L0xx_HAL_Driver/Src/stm32l0xx_hal_rtc.o
                0x0000000008002bac                HAL_RTC_WaitForSynchro
 .text.HAL_RTC_GetState
                0x0000000008002bfa       0x18 ./Drivers/STM32L0xx_HAL_Driver/Src/stm32l0xx_hal_rtc.o
                0x0000000008002bfa                HAL_RTC_GetState
 .text.RTC_EnterInitMode
                0x0000000008002c12       0x54 ./Drivers/STM32L0xx_HAL_Driver/Src/stm32l0xx_hal_rtc.o
                0x0000000008002c12                RTC_EnterInitMode
 .text.RTC_ByteToBcd2
                0x0000000008002c66       0x50 ./Drivers/STM32L0xx_HAL_Driver/Src/stm32l0xx_hal_rtc.o
                0x0000000008002c66                RTC_ByteToBcd2
 .text.RTC_Bcd2ToByte
                0x0000000008002cb6       0x3a ./Drivers/STM32L0xx_HAL_Driver/Src/stm32l0xx_hal_rtc.o
                0x0000000008002cb6                RTC_Bcd2ToByte
 .text.HAL_SPI_Init
                0x0000000008002cf0      0x112 ./Drivers/STM32L0xx_HAL_Driver/Src/stm32l0xx_hal_spi.o
                0x0000000008002cf0                HAL_SPI_Init
 .text.HAL_SPI_Transmit
                0x0000000008002e02      0x2ac ./Drivers/STM32L0xx_HAL_Driver/Src/stm32l0xx_hal_spi.o
                0x0000000008002e02                HAL_SPI_Transmit
 .text.HAL_SPI_TransmitReceive
                0x00000000080030ae      0x376 ./Drivers/STM32L0xx_HAL_Driver/Src/stm32l0xx_hal_spi.o
                0x00000000080030ae                HAL_SPI_TransmitReceive
 .text.HAL_SPI_IRQHandler
                0x0000000008003424      0x1fc ./Drivers/STM32L0xx_HAL_Driver/Src/stm32l0xx_hal_spi.o
                0x0000000008003424                HAL_SPI_IRQHandler
 .text.HAL_SPI_ErrorCallback
                0x0000000008003620       0x10 ./Drivers/STM32L0xx_HAL_Driver/Src/stm32l0xx_hal_spi.o
                0x0000000008003620                HAL_SPI_ErrorCallback
 .text.SPI_DMAAbortOnError
                0x0000000008003630       0x2a ./Drivers/STM32L0xx_HAL_Driver/Src/stm32l0xx_hal_spi.o
 *fill*         0x000000000800365a        0x2 
 .text.SPI_WaitFlagStateUntilTimeout
                0x000000000800365c      0x11c ./Drivers/STM32L0xx_HAL_Driver/Src/stm32l0xx_hal_spi.o
 .text.SPI_EndRxTxTransaction
                0x0000000008003778       0x8c ./Drivers/STM32L0xx_HAL_Driver/Src/stm32l0xx_hal_spi.o
 .text.HAL_TIM_Base_Init
                0x0000000008003804       0x80 ./Drivers/STM32L0xx_HAL_Driver/Src/stm32l0xx_hal_tim.o
                0x0000000008003804                HAL_TIM_Base_Init
 .text.HAL_TIM_IRQHandler
                0x0000000008003884      0x1d0 ./Drivers/STM32L0xx_HAL_Driver/Src/stm32l0xx_hal_tim.o
                0x0000000008003884                HAL_TIM_IRQHandler
 .text.HAL_TIM_ConfigClockSource
                0x0000000008003a54      0x1a8 ./Drivers/STM32L0xx_HAL_Driver/Src/stm32l0xx_hal_tim.o
                0x0000000008003a54                HAL_TIM_ConfigClockSource
 .text.HAL_TIM_PeriodElapsedCallback
                0x0000000008003bfc       0x10 ./Drivers/STM32L0xx_HAL_Driver/Src/stm32l0xx_hal_tim.o
                0x0000000008003bfc                HAL_TIM_PeriodElapsedCallback
 .text.HAL_TIM_OC_DelayElapsedCallback
                0x0000000008003c0c       0x10 ./Drivers/STM32L0xx_HAL_Driver/Src/stm32l0xx_hal_tim.o
                0x0000000008003c0c                HAL_TIM_OC_DelayElapsedCallback
 .text.HAL_TIM_IC_CaptureCallback
                0x0000000008003c1c       0x10 ./Drivers/STM32L0xx_HAL_Driver/Src/stm32l0xx_hal_tim.o
                0x0000000008003c1c                HAL_TIM_IC_CaptureCallback
 .text.HAL_TIM_PWM_PulseFinishedCallback
                0x0000000008003c2c       0x10 ./Drivers/STM32L0xx_HAL_Driver/Src/stm32l0xx_hal_tim.o
                0x0000000008003c2c                HAL_TIM_PWM_PulseFinishedCallback
 .text.HAL_TIM_TriggerCallback
                0x0000000008003c3c       0x10 ./Drivers/STM32L0xx_HAL_Driver/Src/stm32l0xx_hal_tim.o
                0x0000000008003c3c                HAL_TIM_TriggerCallback
 .text.TIM_Base_SetConfig
                0x0000000008003c4c       0xa8 ./Drivers/STM32L0xx_HAL_Driver/Src/stm32l0xx_hal_tim.o
 .text.TIM_TI1_ConfigInputStage
                0x0000000008003cf4       0x5c ./Drivers/STM32L0xx_HAL_Driver/Src/stm32l0xx_hal_tim.o
 .text.TIM_TI2_ConfigInputStage
                0x0000000008003d50       0x64 ./Drivers/STM32L0xx_HAL_Driver/Src/stm32l0xx_hal_tim.o
 .text.TIM_ITRx_SetConfig
                0x0000000008003db4       0x32 ./Drivers/STM32L0xx_HAL_Driver/Src/stm32l0xx_hal_tim.o
 *fill*         0x0000000008003de6        0x2 
 .text.TIM_ETR_SetConfig
                0x0000000008003de8       0x40 ./Drivers/STM32L0xx_HAL_Driver/Src/stm32l0xx_hal_tim.o
 .text.HAL_TIMEx_MasterConfigSynchronization
                0x0000000008003e28       0xb0 ./Drivers/STM32L0xx_HAL_Driver/Src/stm32l0xx_hal_tim_ex.o
                0x0000000008003e28                HAL_TIMEx_MasterConfigSynchronization
 .text.HAL_UART_Init
                0x0000000008003ed8       0xa8 ./Drivers/STM32L0xx_HAL_Driver/Src/stm32l0xx_hal_uart.o
                0x0000000008003ed8                HAL_UART_Init
 .text.HAL_UART_Transmit
                0x0000000008003f80      0x150 ./Drivers/STM32L0xx_HAL_Driver/Src/stm32l0xx_hal_uart.o
                0x0000000008003f80                HAL_UART_Transmit
 .text.HAL_UART_IRQHandler
                0x00000000080040d0      0x5b4 ./Drivers/STM32L0xx_HAL_Driver/Src/stm32l0xx_hal_uart.o
                0x00000000080040d0                HAL_UART_IRQHandler
 .text.HAL_UART_TxCpltCallback
                0x0000000008004684       0x10 ./Drivers/STM32L0xx_HAL_Driver/Src/stm32l0xx_hal_uart.o
                0x0000000008004684                HAL_UART_TxCpltCallback
 .text.HAL_UART_ErrorCallback
                0x0000000008004694       0x10 ./Drivers/STM32L0xx_HAL_Driver/Src/stm32l0xx_hal_uart.o
                0x0000000008004694                HAL_UART_ErrorCallback
 .text.HAL_UARTEx_RxEventCallback
                0x00000000080046a4       0x16 ./Drivers/STM32L0xx_HAL_Driver/Src/stm32l0xx_hal_uart.o
                0x00000000080046a4                HAL_UARTEx_RxEventCallback
 *fill*         0x00000000080046ba        0x2 
 .text.UART_SetConfig
                0x00000000080046bc      0x494 ./Drivers/STM32L0xx_HAL_Driver/Src/stm32l0xx_hal_uart.o
                0x00000000080046bc                UART_SetConfig
 .text.UART_AdvFeatureConfig
                0x0000000008004b50      0x168 ./Drivers/STM32L0xx_HAL_Driver/Src/stm32l0xx_hal_uart.o
                0x0000000008004b50                UART_AdvFeatureConfig
 .text.UART_CheckIdleState
                0x0000000008004cb8       0x90 ./Drivers/STM32L0xx_HAL_Driver/Src/stm32l0xx_hal_uart.o
                0x0000000008004cb8                UART_CheckIdleState
 .text.UART_WaitOnFlagUntilTimeout
                0x0000000008004d48      0x188 ./Drivers/STM32L0xx_HAL_Driver/Src/stm32l0xx_hal_uart.o
                0x0000000008004d48                UART_WaitOnFlagUntilTimeout
 .text.UART_EndRxTransfer
                0x0000000008004ed0       0xc4 ./Drivers/STM32L0xx_HAL_Driver/Src/stm32l0xx_hal_uart.o
 .text.UART_DMAAbortOnError
                0x0000000008004f94       0x2e ./Drivers/STM32L0xx_HAL_Driver/Src/stm32l0xx_hal_uart.o
 .text.UART_EndTransmit_IT
                0x0000000008004fc2       0x56 ./Drivers/STM32L0xx_HAL_Driver/Src/stm32l0xx_hal_uart.o
 .text.HAL_UARTEx_WakeupCallback
                0x0000000008005018       0x10 ./Drivers/STM32L0xx_HAL_Driver/Src/stm32l0xx_hal_uart_ex.o
                0x0000000008005018                HAL_UARTEx_WakeupCallback
 .text.__libc_init_array
                0x0000000008005028       0x48 c:/st/stm32cubeide_1.9.0/stm32cubeide/plugins/com.st.stm32cube.ide.mcu.externaltools.gnu-tools-for-stm32.10.3-2021.10.win32_1.0.0.202111181127/tools/bin/../lib/gcc/arm-none-eabi/10.3.1/../../../../arm-none-eabi/lib/thumb/v6-m/nofp\libc_nano.a(lib_a-init.o)
                0x0000000008005028                __libc_init_array
 .text.__itoa   0x0000000008005070       0x30 c:/st/stm32cubeide_1.9.0/stm32cubeide/plugins/com.st.stm32cube.ide.mcu.externaltools.gnu-tools-for-stm32.10.3-2021.10.win32_1.0.0.202111181127/tools/bin/../lib/gcc/arm-none-eabi/10.3.1/../../../../arm-none-eabi/lib/thumb/v6-m/nofp\libc_nano.a(lib_a-itoa.o)
                0x0000000008005070                __itoa
 .text.itoa     0x00000000080050a0        0x8 c:/st/stm32cubeide_1.9.0/stm32cubeide/plugins/com.st.stm32cube.ide.mcu.externaltools.gnu-tools-for-stm32.10.3-2021.10.win32_1.0.0.202111181127/tools/bin/../lib/gcc/arm-none-eabi/10.3.1/../../../../arm-none-eabi/lib/thumb/v6-m/nofp\libc_nano.a(lib_a-itoa.o)
                0x00000000080050a0                itoa
 .text.memset   0x00000000080050a8       0x10 c:/st/stm32cubeide_1.9.0/stm32cubeide/plugins/com.st.stm32cube.ide.mcu.externaltools.gnu-tools-for-stm32.10.3-2021.10.win32_1.0.0.202111181127/tools/bin/../lib/gcc/arm-none-eabi/10.3.1/../../../../arm-none-eabi/lib/thumb/v6-m/nofp\libc_nano.a(lib_a-memset.o)
                0x00000000080050a8                memset
 .text.__utoa   0x00000000080050b8       0x6c c:/st/stm32cubeide_1.9.0/stm32cubeide/plugins/com.st.stm32cube.ide.mcu.externaltools.gnu-tools-for-stm32.10.3-2021.10.win32_1.0.0.202111181127/tools/bin/../lib/gcc/arm-none-eabi/10.3.1/../../../../arm-none-eabi/lib/thumb/v6-m/nofp\libc_nano.a(lib_a-utoa.o)
                0x00000000080050b8                __utoa
 .text.memcpy   0x0000000008005124       0x12 c:/st/stm32cubeide_1.9.0/stm32cubeide/plugins/com.st.stm32cube.ide.mcu.externaltools.gnu-tools-for-stm32.10.3-2021.10.win32_1.0.0.202111181127/tools/bin/../lib/gcc/arm-none-eabi/10.3.1/../../../../arm-none-eabi/lib/thumb/v6-m/nofp\libc_nano.a(lib_a-memcpy-stub.o)
                0x0000000008005124                memcpy
 *(.glue_7)
 .glue_7        0x0000000008005136        0x0 linker stubs
 *(.glue_7t)
 .glue_7t       0x0000000008005136        0x0 linker stubs
 *(.eh_frame)
 *fill*         0x0000000008005136        0x2 
 .eh_frame      0x0000000008005138        0x0 c:/st/stm32cubeide_1.9.0/stm32cubeide/plugins/com.st.stm32cube.ide.mcu.externaltools.gnu-tools-for-stm32.10.3-2021.10.win32_1.0.0.202111181127/tools/bin/../lib/gcc/arm-none-eabi/10.3.1/thumb/v6-m/nofp/crtbegin.o
 *(.init)
 .init          0x0000000008005138        0x4 c:/st/stm32cubeide_1.9.0/stm32cubeide/plugins/com.st.stm32cube.ide.mcu.externaltools.gnu-tools-for-stm32.10.3-2021.10.win32_1.0.0.202111181127/tools/bin/../lib/gcc/arm-none-eabi/10.3.1/thumb/v6-m/nofp/crti.o
                0x0000000008005138                _init
 .init          0x000000000800513c        0x8 c:/st/stm32cubeide_1.9.0/stm32cubeide/plugins/com.st.stm32cube.ide.mcu.externaltools.gnu-tools-for-stm32.10.3-2021.10.win32_1.0.0.202111181127/tools/bin/../lib/gcc/arm-none-eabi/10.3.1/thumb/v6-m/nofp/crtn.o
 *(.fini)
 .fini          0x0000000008005144        0x4 c:/st/stm32cubeide_1.9.0/stm32cubeide/plugins/com.st.stm32cube.ide.mcu.externaltools.gnu-tools-for-stm32.10.3-2021.10.win32_1.0.0.202111181127/tools/bin/../lib/gcc/arm-none-eabi/10.3.1/thumb/v6-m/nofp/crti.o
                0x0000000008005144                _fini
 .fini          0x0000000008005148        0x8 c:/st/stm32cubeide_1.9.0/stm32cubeide/plugins/com.st.stm32cube.ide.mcu.externaltools.gnu-tools-for-stm32.10.3-2021.10.win32_1.0.0.202111181127/tools/bin/../lib/gcc/arm-none-eabi/10.3.1/thumb/v6-m/nofp/crtn.o
                0x0000000008005150                . = ALIGN (0x4)
                0x0000000008005150                _etext = .

.vfp11_veneer   0x0000000008005150        0x0
 .vfp11_veneer  0x0000000008005150        0x0 linker stubs

.v4_bx          0x0000000008005150        0x0
 .v4_bx         0x0000000008005150        0x0 linker stubs

.iplt           0x0000000008005150        0x0
 .iplt          0x0000000008005150        0x0 c:/st/stm32cubeide_1.9.0/stm32cubeide/plugins/com.st.stm32cube.ide.mcu.externaltools.gnu-tools-for-stm32.10.3-2021.10.win32_1.0.0.202111181127/tools/bin/../lib/gcc/arm-none-eabi/10.3.1/thumb/v6-m/nofp/crtbegin.o

.rodata         0x0000000008005150       0x98
                0x0000000008005150                . = ALIGN (0x4)
 *(.rodata)
 .rodata        0x0000000008005150        0x2 ./Core/Src/main.o
 *(.rodata*)
 *fill*         0x0000000008005152        0x2 
 .rodata.AHBPrescTable
                0x0000000008005154       0x10 ./Core/Src/system_stm32l0xx.o
                0x0000000008005154                AHBPrescTable
 .rodata.APBPrescTable
                0x0000000008005164        0x8 ./Core/Src/system_stm32l0xx.o
                0x0000000008005164                APBPrescTable
 .rodata.PLLMulTable
                0x000000000800516c        0x9 ./Core/Src/system_stm32l0xx.o
                0x000000000800516c                PLLMulTable
 *fill*         0x0000000008005175        0x3 
 .rodata.UART_SetConfig
                0x0000000008005178       0x48 ./Drivers/STM32L0xx_HAL_Driver/Src/stm32l0xx_hal_uart.o
 .rodata.__utoa.str1.1
                0x00000000080051c0       0x25 c:/st/stm32cubeide_1.9.0/stm32cubeide/plugins/com.st.stm32cube.ide.mcu.externaltools.gnu-tools-for-stm32.10.3-2021.10.win32_1.0.0.202111181127/tools/bin/../lib/gcc/arm-none-eabi/10.3.1/../../../../arm-none-eabi/lib/thumb/v6-m/nofp\libc_nano.a(lib_a-utoa.o)
                0x00000000080051e8                . = ALIGN (0x4)
 *fill*         0x00000000080051e5        0x3 

.ARM.extab      0x00000000080051e8        0x0
                0x00000000080051e8                . = ALIGN (0x4)
 *(.ARM.extab* .gnu.linkonce.armextab.*)
                0x00000000080051e8                . = ALIGN (0x4)

.ARM            0x00000000080051e8        0x8
                0x00000000080051e8                . = ALIGN (0x4)
                0x00000000080051e8                __exidx_start = .
 *(.ARM.exidx*)
 .ARM.exidx     0x00000000080051e8        0x8 c:/st/stm32cubeide_1.9.0/stm32cubeide/plugins/com.st.stm32cube.ide.mcu.externaltools.gnu-tools-for-stm32.10.3-2021.10.win32_1.0.0.202111181127/tools/bin/../lib/gcc/arm-none-eabi/10.3.1/thumb/v6-m/nofp\libgcc.a(_udivmoddi4.o)
                0x00000000080051f0                __exidx_end = .
                0x00000000080051f0                . = ALIGN (0x4)

.rel.dyn        0x00000000080051f0        0x0
 .rel.iplt      0x00000000080051f0        0x0 c:/st/stm32cubeide_1.9.0/stm32cubeide/plugins/com.st.stm32cube.ide.mcu.externaltools.gnu-tools-for-stm32.10.3-2021.10.win32_1.0.0.202111181127/tools/bin/../lib/gcc/arm-none-eabi/10.3.1/thumb/v6-m/nofp/crtbegin.o

.preinit_array  0x00000000080051f0        0x0
                0x00000000080051f0                . = ALIGN (0x4)
                0x00000000080051f0                PROVIDE (__preinit_array_start = .)
 *(.preinit_array*)
                0x00000000080051f0                PROVIDE (__preinit_array_end = .)
                0x00000000080051f0                . = ALIGN (0x4)

.init_array     0x00000000080051f0        0x4
                0x00000000080051f0                . = ALIGN (0x4)
                0x00000000080051f0                PROVIDE (__init_array_start = .)
 *(SORT_BY_NAME(.init_array.*))
 *(.init_array*)
 .init_array    0x00000000080051f0        0x4 c:/st/stm32cubeide_1.9.0/stm32cubeide/plugins/com.st.stm32cube.ide.mcu.externaltools.gnu-tools-for-stm32.10.3-2021.10.win32_1.0.0.202111181127/tools/bin/../lib/gcc/arm-none-eabi/10.3.1/thumb/v6-m/nofp/crtbegin.o
                0x00000000080051f4                PROVIDE (__init_array_end = .)
                0x00000000080051f4                . = ALIGN (0x4)

.fini_array     0x00000000080051f4        0x4
                0x00000000080051f4                . = ALIGN (0x4)
                [!provide]                        PROVIDE (__fini_array_start = .)
 *(SORT_BY_NAME(.fini_array.*))
 *(.fini_array*)
 .fini_array    0x00000000080051f4        0x4 c:/st/stm32cubeide_1.9.0/stm32cubeide/plugins/com.st.stm32cube.ide.mcu.externaltools.gnu-tools-for-stm32.10.3-2021.10.win32_1.0.0.202111181127/tools/bin/../lib/gcc/arm-none-eabi/10.3.1/thumb/v6-m/nofp/crtbegin.o
                [!provide]                        PROVIDE (__fini_array_end = .)
                0x00000000080051f8                . = ALIGN (0x4)
                0x00000000080051f8                _sidata = LOADADDR (.data)

.data           0x0000000020000000        0xc load address 0x00000000080051f8
                0x0000000020000000                . = ALIGN (0x4)
                0x0000000020000000                _sdata = .
 *(.data)
 *(.data*)
 .data.SystemCoreClock
                0x0000000020000000        0x4 ./Core/Src/system_stm32l0xx.o
                0x0000000020000000                SystemCoreClock
 .data.uwTickPrio
                0x0000000020000004        0x4 ./Drivers/STM32L0xx_HAL_Driver/Src/stm32l0xx_hal.o
                0x0000000020000004                uwTickPrio
 .data.uwTickFreq
                0x0000000020000008        0x1 ./Drivers/STM32L0xx_HAL_Driver/Src/stm32l0xx_hal.o
                0x0000000020000008                uwTickFreq
 *(.RamFunc)
 *(.RamFunc*)
                0x000000002000000c                . = ALIGN (0x4)
 *fill*         0x0000000020000009        0x3 
                0x000000002000000c                _edata = .

.igot.plt       0x000000002000000c        0x0 load address 0x0000000008005204
 .igot.plt      0x000000002000000c        0x0 c:/st/stm32cubeide_1.9.0/stm32cubeide/plugins/com.st.stm32cube.ide.mcu.externaltools.gnu-tools-for-stm32.10.3-2021.10.win32_1.0.0.202111181127/tools/bin/../lib/gcc/arm-none-eabi/10.3.1/thumb/v6-m/nofp/crtbegin.o
                0x000000002000000c                . = ALIGN (0x4)

.bss            0x000000002000000c      0xdb4 load address 0x0000000008005204
                0x000000002000000c                _sbss = .
                0x000000002000000c                __bss_start__ = _sbss
 *(.bss)
 .bss           0x000000002000000c       0x1c c:/st/stm32cubeide_1.9.0/stm32cubeide/plugins/com.st.stm32cube.ide.mcu.externaltools.gnu-tools-for-stm32.10.3-2021.10.win32_1.0.0.202111181127/tools/bin/../lib/gcc/arm-none-eabi/10.3.1/thumb/v6-m/nofp/crtbegin.o
 *(.bss*)
 .bss.buftx     0x0000000020000028        0xa ./Core/Src/bma280.o
                0x0000000020000028                buftx
 *fill*         0x0000000020000032        0x2 
 .bss.bufrx     0x0000000020000034        0xa ./Core/Src/bma280.o
                0x0000000020000034                bufrx
 *fill*         0x000000002000003e        0x2 
 .bss.hrtc      0x0000000020000040       0x24 ./Core/Src/main.o
                0x0000000020000040                hrtc
 .bss.hspi1     0x0000000020000064       0x58 ./Core/Src/main.o
                0x0000000020000064                hspi1
 .bss.htim2     0x00000000200000bc       0x40 ./Core/Src/main.o
                0x00000000200000bc                htim2
 .bss.htim21    0x00000000200000fc       0x40 ./Core/Src/main.o
                0x00000000200000fc                htim21
 .bss.huart2    0x000000002000013c       0x84 ./Core/Src/main.o
                0x000000002000013c                huart2
 .bss.sTime1    0x00000000200001c0       0x14 ./Core/Src/main.o
                0x00000000200001c0                sTime1
 .bss.sDate1    0x00000000200001d4        0x4 ./Core/Src/main.o
                0x00000000200001d4                sDate1
 .bss.memtime_to_save
                0x00000000200001d8      0xbb8 ./Core/Src/main.o
                0x00000000200001d8                memtime_to_save
 .bss.events_counter
                0x0000000020000d90        0x4 ./Core/Src/main.o
                0x0000000020000d90                events_counter
 .bss.seconds_counter_motion
                0x0000000020000d94        0x4 ./Core/Src/main.o
                0x0000000020000d94                seconds_counter_motion
 .bss.seconds_counter_stop
                0x0000000020000d98        0x4 ./Core/Src/main.o
                0x0000000020000d98                seconds_counter_stop
 .bss.seconds_counter_substract
                0x0000000020000d9c        0x4 ./Core/Src/main.o
                0x0000000020000d9c                seconds_counter_substract
 .bss.sitting_counter
                0x0000000020000da0        0x4 ./Core/Src/main.o
                0x0000000020000da0                sitting_counter
 .bss.flag_stop
                0x0000000020000da4        0x1 ./Core/Src/main.o
                0x0000000020000da4                flag_stop
 *fill*         0x0000000020000da5        0x3 
 .bss.txt       0x0000000020000da8       0x14 ./Core/Src/main.o
                0x0000000020000da8                txt
 .bss.uwTick    0x0000000020000dbc        0x4 ./Drivers/STM32L0xx_HAL_Driver/Src/stm32l0xx_hal.o
                0x0000000020000dbc                uwTick
 *(COMMON)
                0x0000000020000dc0                . = ALIGN (0x4)
                0x0000000020000dc0                _ebss = .
                0x0000000020000dc0                __bss_end__ = _ebss

._user_heap_stack
                0x0000000020000dc0      0x600 load address 0x0000000008005204
                0x0000000020000dc0                . = ALIGN (0x8)
                [!provide]                        PROVIDE (end = .)
                0x0000000020000dc0                PROVIDE (_end = .)
                0x0000000020000fc0                . = (. + _Min_Heap_Size)
 *fill*         0x0000000020000dc0      0x200 
                0x00000000200013c0                . = (. + _Min_Stack_Size)
 *fill*         0x0000000020000fc0      0x400 
                0x00000000200013c0                . = ALIGN (0x8)

/DISCARD/
 libc.a(*)
 libm.a(*)
 libgcc.a(*)

.ARM.attributes
                0x0000000000000000       0x28
 *(.ARM.attributes)
 .ARM.attributes
                0x0000000000000000       0x1e c:/st/stm32cubeide_1.9.0/stm32cubeide/plugins/com.st.stm32cube.ide.mcu.externaltools.gnu-tools-for-stm32.10.3-2021.10.win32_1.0.0.202111181127/tools/bin/../lib/gcc/arm-none-eabi/10.3.1/thumb/v6-m/nofp/crti.o
 .ARM.attributes
                0x000000000000001e       0x2c c:/st/stm32cubeide_1.9.0/stm32cubeide/plugins/com.st.stm32cube.ide.mcu.externaltools.gnu-tools-for-stm32.10.3-2021.10.win32_1.0.0.202111181127/tools/bin/../lib/gcc/arm-none-eabi/10.3.1/thumb/v6-m/nofp/crtbegin.o
 .ARM.attributes
                0x000000000000004a       0x2c ./Core/Src/bma280.o
 .ARM.attributes
                0x0000000000000076       0x2c ./Core/Src/main.o
 .ARM.attributes
                0x00000000000000a2       0x2c ./Core/Src/mem.o
 .ARM.attributes
                0x00000000000000ce       0x2c ./Core/Src/stm32l0xx_hal_msp.o
 .ARM.attributes
                0x00000000000000fa       0x2c ./Core/Src/stm32l0xx_it.o
 .ARM.attributes
                0x0000000000000126       0x2c ./Core/Src/system_stm32l0xx.o
 .ARM.attributes
                0x0000000000000152       0x22 ./Core/Startup/startup_stm32l031g6ux.o
 .ARM.attributes
                0x0000000000000174       0x2c ./Drivers/STM32L0xx_HAL_Driver/Src/stm32l0xx_hal.o
 .ARM.attributes
                0x00000000000001a0       0x2c ./Drivers/STM32L0xx_HAL_Driver/Src/stm32l0xx_hal_cortex.o
 .ARM.attributes
                0x00000000000001cc       0x2c ./Drivers/STM32L0xx_HAL_Driver/Src/stm32l0xx_hal_dma.o
 .ARM.attributes
                0x00000000000001f8       0x2c ./Drivers/STM32L0xx_HAL_Driver/Src/stm32l0xx_hal_gpio.o
 .ARM.attributes
                0x0000000000000224       0x2c ./Drivers/STM32L0xx_HAL_Driver/Src/stm32l0xx_hal_pwr.o
 .ARM.attributes
                0x0000000000000250       0x2c ./Drivers/STM32L0xx_HAL_Driver/Src/stm32l0xx_hal_rcc.o
 .ARM.attributes
                0x000000000000027c       0x2c ./Drivers/STM32L0xx_HAL_Driver/Src/stm32l0xx_hal_rcc_ex.o
 .ARM.attributes
                0x00000000000002a8       0x2c ./Drivers/STM32L0xx_HAL_Driver/Src/stm32l0xx_hal_rtc.o
 .ARM.attributes
                0x00000000000002d4       0x2c ./Drivers/STM32L0xx_HAL_Driver/Src/stm32l0xx_hal_spi.o
 .ARM.attributes
                0x0000000000000300       0x2c ./Drivers/STM32L0xx_HAL_Driver/Src/stm32l0xx_hal_tim.o
 .ARM.attributes
                0x000000000000032c       0x2c ./Drivers/STM32L0xx_HAL_Driver/Src/stm32l0xx_hal_tim_ex.o
 .ARM.attributes
                0x0000000000000358       0x2c ./Drivers/STM32L0xx_HAL_Driver/Src/stm32l0xx_hal_uart.o
 .ARM.attributes
                0x0000000000000384       0x2c ./Drivers/STM32L0xx_HAL_Driver/Src/stm32l0xx_hal_uart_ex.o
 .ARM.attributes
                0x00000000000003b0       0x2c c:/st/stm32cubeide_1.9.0/stm32cubeide/plugins/com.st.stm32cube.ide.mcu.externaltools.gnu-tools-for-stm32.10.3-2021.10.win32_1.0.0.202111181127/tools/bin/../lib/gcc/arm-none-eabi/10.3.1/../../../../arm-none-eabi/lib/thumb/v6-m/nofp\libc_nano.a(lib_a-init.o)
 .ARM.attributes
                0x00000000000003dc       0x2c c:/st/stm32cubeide_1.9.0/stm32cubeide/plugins/com.st.stm32cube.ide.mcu.externaltools.gnu-tools-for-stm32.10.3-2021.10.win32_1.0.0.202111181127/tools/bin/../lib/gcc/arm-none-eabi/10.3.1/../../../../arm-none-eabi/lib/thumb/v6-m/nofp\libc_nano.a(lib_a-itoa.o)
 .ARM.attributes
                0x0000000000000408       0x2c c:/st/stm32cubeide_1.9.0/stm32cubeide/plugins/com.st.stm32cube.ide.mcu.externaltools.gnu-tools-for-stm32.10.3-2021.10.win32_1.0.0.202111181127/tools/bin/../lib/gcc/arm-none-eabi/10.3.1/../../../../arm-none-eabi/lib/thumb/v6-m/nofp\libc_nano.a(lib_a-memset.o)
 .ARM.attributes
                0x0000000000000434       0x1c c:/st/stm32cubeide_1.9.0/stm32cubeide/plugins/com.st.stm32cube.ide.mcu.externaltools.gnu-tools-for-stm32.10.3-2021.10.win32_1.0.0.202111181127/tools/bin/../lib/gcc/arm-none-eabi/10.3.1/../../../../arm-none-eabi/lib/thumb/v6-m/nofp\libc_nano.a(lib_a-strlen.o)
 .ARM.attributes
                0x0000000000000450       0x2c c:/st/stm32cubeide_1.9.0/stm32cubeide/plugins/com.st.stm32cube.ide.mcu.externaltools.gnu-tools-for-stm32.10.3-2021.10.win32_1.0.0.202111181127/tools/bin/../lib/gcc/arm-none-eabi/10.3.1/../../../../arm-none-eabi/lib/thumb/v6-m/nofp\libc_nano.a(lib_a-utoa.o)
 .ARM.attributes
                0x000000000000047c       0x2c c:/st/stm32cubeide_1.9.0/stm32cubeide/plugins/com.st.stm32cube.ide.mcu.externaltools.gnu-tools-for-stm32.10.3-2021.10.win32_1.0.0.202111181127/tools/bin/../lib/gcc/arm-none-eabi/10.3.1/../../../../arm-none-eabi/lib/thumb/v6-m/nofp\libc_nano.a(lib_a-memcpy-stub.o)
 .ARM.attributes
                0x00000000000004a8       0x1e c:/st/stm32cubeide_1.9.0/stm32cubeide/plugins/com.st.stm32cube.ide.mcu.externaltools.gnu-tools-for-stm32.10.3-2021.10.win32_1.0.0.202111181127/tools/bin/../lib/gcc/arm-none-eabi/10.3.1/thumb/v6-m/nofp\libgcc.a(_udivsi3.o)
 .ARM.attributes
                0x00000000000004c6       0x1e c:/st/stm32cubeide_1.9.0/stm32cubeide/plugins/com.st.stm32cube.ide.mcu.externaltools.gnu-tools-for-stm32.10.3-2021.10.win32_1.0.0.202111181127/tools/bin/../lib/gcc/arm-none-eabi/10.3.1/thumb/v6-m/nofp\libgcc.a(_dvmd_tls.o)
 .ARM.attributes
                0x00000000000004e4       0x1e c:/st/stm32cubeide_1.9.0/stm32cubeide/plugins/com.st.stm32cube.ide.mcu.externaltools.gnu-tools-for-stm32.10.3-2021.10.win32_1.0.0.202111181127/tools/bin/../lib/gcc/arm-none-eabi/10.3.1/thumb/v6-m/nofp\libgcc.a(_aeabi_uldivmod.o)
 .ARM.attributes
                0x0000000000000502       0x2c c:/st/stm32cubeide_1.9.0/stm32cubeide/plugins/com.st.stm32cube.ide.mcu.externaltools.gnu-tools-for-stm32.10.3-2021.10.win32_1.0.0.202111181127/tools/bin/../lib/gcc/arm-none-eabi/10.3.1/thumb/v6-m/nofp\libgcc.a(_muldi3.o)
 .ARM.attributes
                0x000000000000052e       0x2c c:/st/stm32cubeide_1.9.0/stm32cubeide/plugins/com.st.stm32cube.ide.mcu.externaltools.gnu-tools-for-stm32.10.3-2021.10.win32_1.0.0.202111181127/tools/bin/../lib/gcc/arm-none-eabi/10.3.1/thumb/v6-m/nofp\libgcc.a(_udivmoddi4.o)
 .ARM.attributes
                0x000000000000055a       0x1e c:/st/stm32cubeide_1.9.0/stm32cubeide/plugins/com.st.stm32cube.ide.mcu.externaltools.gnu-tools-for-stm32.10.3-2021.10.win32_1.0.0.202111181127/tools/bin/../lib/gcc/arm-none-eabi/10.3.1/thumb/v6-m/nofp\libgcc.a(_clzdi2.o)
 .ARM.attributes
                0x0000000000000578       0x1e c:/st/stm32cubeide_1.9.0/stm32cubeide/plugins/com.st.stm32cube.ide.mcu.externaltools.gnu-tools-for-stm32.10.3-2021.10.win32_1.0.0.202111181127/tools/bin/../lib/gcc/arm-none-eabi/10.3.1/thumb/v6-m/nofp\libgcc.a(_clzsi2.o)
 .ARM.attributes
                0x0000000000000596       0x1e c:/st/stm32cubeide_1.9.0/stm32cubeide/plugins/com.st.stm32cube.ide.mcu.externaltools.gnu-tools-for-stm32.10.3-2021.10.win32_1.0.0.202111181127/tools/bin/../lib/gcc/arm-none-eabi/10.3.1/thumb/v6-m/nofp/crtn.o
OUTPUT(test_1.elf elf32-littlearm)
LOAD linker stubs
LOAD c:/st/stm32cubeide_1.9.0/stm32cubeide/plugins/com.st.stm32cube.ide.mcu.externaltools.gnu-tools-for-stm32.10.3-2021.10.win32_1.0.0.202111181127/tools/bin/../lib/gcc/arm-none-eabi/10.3.1/../../../../arm-none-eabi/lib/thumb/v6-m/nofp\libc.a
LOAD c:/st/stm32cubeide_1.9.0/stm32cubeide/plugins/com.st.stm32cube.ide.mcu.externaltools.gnu-tools-for-stm32.10.3-2021.10.win32_1.0.0.202111181127/tools/bin/../lib/gcc/arm-none-eabi/10.3.1/../../../../arm-none-eabi/lib/thumb/v6-m/nofp\libm.a
LOAD c:/st/stm32cubeide_1.9.0/stm32cubeide/plugins/com.st.stm32cube.ide.mcu.externaltools.gnu-tools-for-stm32.10.3-2021.10.win32_1.0.0.202111181127/tools/bin/../lib/gcc/arm-none-eabi/10.3.1/thumb/v6-m/nofp\libgcc.a

.debug_info     0x0000000000000000    0x11ac5
 .debug_info    0x0000000000000000      0x94e ./Core/Src/bma280.o
 .debug_info    0x000000000000094e     0x1cc5 ./Core/Src/main.o
 .debug_info    0x0000000000002613      0x16c ./Core/Src/mem.o
 .debug_info    0x000000000000277f     0x134c ./Core/Src/stm32l0xx_hal_msp.o
 .debug_info    0x0000000000003acb      0xcfd ./Core/Src/stm32l0xx_it.o
 .debug_info    0x00000000000047c8      0x309 ./Core/Src/system_stm32l0xx.o
 .debug_info    0x0000000000004ad1       0x22 ./Core/Startup/startup_stm32l031g6ux.o
 .debug_info    0x0000000000004af3      0x86f ./Drivers/STM32L0xx_HAL_Driver/Src/stm32l0xx_hal.o
 .debug_info    0x0000000000005362      0x6d9 ./Drivers/STM32L0xx_HAL_Driver/Src/stm32l0xx_hal_cortex.o
 .debug_info    0x0000000000005a3b      0x75b ./Drivers/STM32L0xx_HAL_Driver/Src/stm32l0xx_hal_dma.o
 .debug_info    0x0000000000006196      0x6a1 ./Drivers/STM32L0xx_HAL_Driver/Src/stm32l0xx_hal_gpio.o
 .debug_info    0x0000000000006837      0x62e ./Drivers/STM32L0xx_HAL_Driver/Src/stm32l0xx_hal_pwr.o
 .debug_info    0x0000000000006e65      0x9b2 ./Drivers/STM32L0xx_HAL_Driver/Src/stm32l0xx_hal_rcc.o
 .debug_info    0x0000000000007817      0x4c0 ./Drivers/STM32L0xx_HAL_Driver/Src/stm32l0xx_hal_rcc_ex.o
 .debug_info    0x0000000000007cd7      0xbb4 ./Drivers/STM32L0xx_HAL_Driver/Src/stm32l0xx_hal_rtc.o
 .debug_info    0x000000000000888b     0x16f8 ./Drivers/STM32L0xx_HAL_Driver/Src/stm32l0xx_hal_spi.o
 .debug_info    0x0000000000009f83     0x29ed ./Drivers/STM32L0xx_HAL_Driver/Src/stm32l0xx_hal_tim.o
 .debug_info    0x000000000000c970      0x6f2 ./Drivers/STM32L0xx_HAL_Driver/Src/stm32l0xx_hal_tim_ex.o
 .debug_info    0x000000000000d062     0x3c8a ./Drivers/STM32L0xx_HAL_Driver/Src/stm32l0xx_hal_uart.o
 .debug_info    0x0000000000010cec      0xdd9 ./Drivers/STM32L0xx_HAL_Driver/Src/stm32l0xx_hal_uart_ex.o

.debug_abbrev   0x0000000000000000     0x270d
 .debug_abbrev  0x0000000000000000      0x228 ./Core/Src/bma280.o
 .debug_abbrev  0x0000000000000228      0x356 ./Core/Src/main.o
 .debug_abbrev  0x000000000000057e       0xbd ./Core/Src/mem.o
 .debug_abbrev  0x000000000000063b      0x214 ./Core/Src/stm32l0xx_hal_msp.o
 .debug_abbrev  0x000000000000084f      0x195 ./Core/Src/stm32l0xx_it.o
 .debug_abbrev  0x00000000000009e4      0x116 ./Core/Src/system_stm32l0xx.o
 .debug_abbrev  0x0000000000000afa       0x12 ./Core/Startup/startup_stm32l031g6ux.o
 .debug_abbrev  0x0000000000000b0c      0x29a ./Drivers/STM32L0xx_HAL_Driver/Src/stm32l0xx_hal.o
 .debug_abbrev  0x0000000000000da6      0x265 ./Drivers/STM32L0xx_HAL_Driver/Src/stm32l0xx_hal_cortex.o
 .debug_abbrev  0x000000000000100b      0x1c6 ./Drivers/STM32L0xx_HAL_Driver/Src/stm32l0xx_hal_dma.o
 .debug_abbrev  0x00000000000011d1      0x1bb ./Drivers/STM32L0xx_HAL_Driver/Src/stm32l0xx_hal_gpio.o
 .debug_abbrev  0x000000000000138c      0x187 ./Drivers/STM32L0xx_HAL_Driver/Src/stm32l0xx_hal_pwr.o
 .debug_abbrev  0x0000000000001513      0x28e ./Drivers/STM32L0xx_HAL_Driver/Src/stm32l0xx_hal_rcc.o
 .debug_abbrev  0x00000000000017a1      0x1c5 ./Drivers/STM32L0xx_HAL_Driver/Src/stm32l0xx_hal_rcc_ex.o
 .debug_abbrev  0x0000000000001966      0x1de ./Drivers/STM32L0xx_HAL_Driver/Src/stm32l0xx_hal_rtc.o
 .debug_abbrev  0x0000000000001b44      0x26e ./Drivers/STM32L0xx_HAL_Driver/Src/stm32l0xx_hal_spi.o
 .debug_abbrev  0x0000000000001db2      0x259 ./Drivers/STM32L0xx_HAL_Driver/Src/stm32l0xx_hal_tim.o
 .debug_abbrev  0x000000000000200b      0x195 ./Drivers/STM32L0xx_HAL_Driver/Src/stm32l0xx_hal_tim_ex.o
 .debug_abbrev  0x00000000000021a0      0x2cb ./Drivers/STM32L0xx_HAL_Driver/Src/stm32l0xx_hal_uart.o
 .debug_abbrev  0x000000000000246b      0x2a2 ./Drivers/STM32L0xx_HAL_Driver/Src/stm32l0xx_hal_uart_ex.o

.debug_aranges  0x0000000000000000      0xf60
 .debug_aranges
                0x0000000000000000       0x50 ./Core/Src/bma280.o
 .debug_aranges
                0x0000000000000050       0x70 ./Core/Src/main.o
 .debug_aranges
                0x00000000000000c0       0x20 ./Core/Src/mem.o
 .debug_aranges
                0x00000000000000e0       0x60 ./Core/Src/stm32l0xx_hal_msp.o
 .debug_aranges
                0x0000000000000140       0x68 ./Core/Src/stm32l0xx_it.o
 .debug_aranges
                0x00000000000001a8       0x28 ./Core/Src/system_stm32l0xx.o
 .debug_aranges
                0x00000000000001d0       0x28 ./Core/Startup/startup_stm32l031g6ux.o
 .debug_aranges
                0x00000000000001f8      0x110 ./Drivers/STM32L0xx_HAL_Driver/Src/stm32l0xx_hal.o
 .debug_aranges
                0x0000000000000308       0xc0 ./Drivers/STM32L0xx_HAL_Driver/Src/stm32l0xx_hal_cortex.o
 .debug_aranges
                0x00000000000003c8       0x80 ./Drivers/STM32L0xx_HAL_Driver/Src/stm32l0xx_hal_dma.o
 .debug_aranges
                0x0000000000000448       0x58 ./Drivers/STM32L0xx_HAL_Driver/Src/stm32l0xx_hal_gpio.o
 .debug_aranges
                0x00000000000004a0       0xa0 ./Drivers/STM32L0xx_HAL_Driver/Src/stm32l0xx_hal_pwr.o
 .debug_aranges
                0x0000000000000540       0x80 ./Drivers/STM32L0xx_HAL_Driver/Src/stm32l0xx_hal_rcc.o
 .debug_aranges
                0x00000000000005c0       0x58 ./Drivers/STM32L0xx_HAL_Driver/Src/stm32l0xx_hal_rcc_ex.o
 .debug_aranges
                0x0000000000000618       0xe0 ./Drivers/STM32L0xx_HAL_Driver/Src/stm32l0xx_hal_rtc.o
 .debug_aranges
                0x00000000000006f8      0x1d0 ./Drivers/STM32L0xx_HAL_Driver/Src/stm32l0xx_hal_spi.o
 .debug_aranges
                0x00000000000008c8      0x3d0 ./Drivers/STM32L0xx_HAL_Driver/Src/stm32l0xx_hal_tim.o
 .debug_aranges
                0x0000000000000c98       0x28 ./Drivers/STM32L0xx_HAL_Driver/Src/stm32l0xx_hal_tim_ex.o
 .debug_aranges
                0x0000000000000cc0      0x228 ./Drivers/STM32L0xx_HAL_Driver/Src/stm32l0xx_hal_uart.o
 .debug_aranges
                0x0000000000000ee8       0x78 ./Drivers/STM32L0xx_HAL_Driver/Src/stm32l0xx_hal_uart_ex.o

.debug_ranges   0x0000000000000000      0xe58
 .debug_ranges  0x0000000000000000       0x40 ./Core/Src/bma280.o
 .debug_ranges  0x0000000000000040       0x60 ./Core/Src/main.o
 .debug_ranges  0x00000000000000a0       0x10 ./Core/Src/mem.o
 .debug_ranges  0x00000000000000b0       0x50 ./Core/Src/stm32l0xx_hal_msp.o
 .debug_ranges  0x0000000000000100       0x58 ./Core/Src/stm32l0xx_it.o
 .debug_ranges  0x0000000000000158       0x18 ./Core/Src/system_stm32l0xx.o
 .debug_ranges  0x0000000000000170       0x20 ./Core/Startup/startup_stm32l031g6ux.o
 .debug_ranges  0x0000000000000190      0x100 ./Drivers/STM32L0xx_HAL_Driver/Src/stm32l0xx_hal.o
 .debug_ranges  0x0000000000000290       0xb0 ./Drivers/STM32L0xx_HAL_Driver/Src/stm32l0xx_hal_cortex.o
 .debug_ranges  0x0000000000000340       0x70 ./Drivers/STM32L0xx_HAL_Driver/Src/stm32l0xx_hal_dma.o
 .debug_ranges  0x00000000000003b0       0x48 ./Drivers/STM32L0xx_HAL_Driver/Src/stm32l0xx_hal_gpio.o
 .debug_ranges  0x00000000000003f8       0x90 ./Drivers/STM32L0xx_HAL_Driver/Src/stm32l0xx_hal_pwr.o
 .debug_ranges  0x0000000000000488       0x70 ./Drivers/STM32L0xx_HAL_Driver/Src/stm32l0xx_hal_rcc.o
 .debug_ranges  0x00000000000004f8       0x48 ./Drivers/STM32L0xx_HAL_Driver/Src/stm32l0xx_hal_rcc_ex.o
 .debug_ranges  0x0000000000000540       0xd0 ./Drivers/STM32L0xx_HAL_Driver/Src/stm32l0xx_hal_rtc.o
 .debug_ranges  0x0000000000000610      0x1c0 ./Drivers/STM32L0xx_HAL_Driver/Src/stm32l0xx_hal_spi.o
 .debug_ranges  0x00000000000007d0      0x3c0 ./Drivers/STM32L0xx_HAL_Driver/Src/stm32l0xx_hal_tim.o
 .debug_ranges  0x0000000000000b90       0x18 ./Drivers/STM32L0xx_HAL_Driver/Src/stm32l0xx_hal_tim_ex.o
 .debug_ranges  0x0000000000000ba8      0x248 ./Drivers/STM32L0xx_HAL_Driver/Src/stm32l0xx_hal_uart.o
 .debug_ranges  0x0000000000000df0       0x68 ./Drivers/STM32L0xx_HAL_Driver/Src/stm32l0xx_hal_uart_ex.o

.debug_macro    0x0000000000000000    0x13f92
 .debug_macro   0x0000000000000000      0x3d6 ./Core/Src/bma280.o
 .debug_macro   0x00000000000003d6      0xa4e ./Core/Src/bma280.o
 .debug_macro   0x0000000000000e24       0x22 ./Core/Src/bma280.o
 .debug_macro   0x0000000000000e46       0x8e ./Core/Src/bma280.o
 .debug_macro   0x0000000000000ed4       0x51 ./Core/Src/bma280.o
 .debug_macro   0x0000000000000f25      0x103 ./Core/Src/bma280.o
 .debug_macro   0x0000000000001028       0x6a ./Core/Src/bma280.o
 .debug_macro   0x0000000000001092      0x1df ./Core/Src/bma280.o
 .debug_macro   0x0000000000001271       0x52 ./Core/Src/bma280.o
 .debug_macro   0x00000000000012c3       0x18 ./Core/Src/bma280.o
 .debug_macro   0x00000000000012db       0x3c ./Core/Src/bma280.o
 .debug_macro   0x0000000000001317       0x34 ./Core/Src/bma280.o
 .debug_macro   0x000000000000134b      0x174 ./Core/Src/bma280.o
 .debug_macro   0x00000000000014bf       0x16 ./Core/Src/bma280.o
 .debug_macro   0x00000000000014d5       0x43 ./Core/Src/bma280.o
 .debug_macro   0x0000000000001518       0x34 ./Core/Src/bma280.o
 .debug_macro   0x000000000000154c       0x10 ./Core/Src/bma280.o
 .debug_macro   0x000000000000155c       0x58 ./Core/Src/bma280.o
 .debug_macro   0x00000000000015b4       0x71 ./Core/Src/bma280.o
 .debug_macro   0x0000000000001625       0x1c ./Core/Src/bma280.o
 .debug_macro   0x0000000000001641      0x12a ./Core/Src/bma280.o
 .debug_macro   0x000000000000176b      0x341 ./Core/Src/bma280.o
 .debug_macro   0x0000000000001aac       0x10 ./Core/Src/bma280.o
 .debug_macro   0x0000000000001abc       0x35 ./Core/Src/bma280.o
 .debug_macro   0x0000000000001af1       0x20 ./Core/Src/bma280.o
 .debug_macro   0x0000000000001b11      0x131 ./Core/Src/bma280.o
 .debug_macro   0x0000000000001c42       0x2e ./Core/Src/bma280.o
 .debug_macro   0x0000000000001c70       0x28 ./Core/Src/bma280.o
 .debug_macro   0x0000000000001c98       0x1c ./Core/Src/bma280.o
 .debug_macro   0x0000000000001cb4       0x22 ./Core/Src/bma280.o
 .debug_macro   0x0000000000001cd6       0xaf ./Core/Src/bma280.o
 .debug_macro   0x0000000000001d85      0x3ad ./Core/Src/bma280.o
 .debug_macro   0x0000000000002132     0x7f00 ./Core/Src/bma280.o
 .debug_macro   0x000000000000a032       0x66 ./Core/Src/bma280.o
 .debug_macro   0x000000000000a098     0x355c ./Core/Src/bma280.o
 .debug_macro   0x000000000000d5f4       0x55 ./Core/Src/bma280.o
 .debug_macro   0x000000000000d649      0x8b5 ./Core/Src/bma280.o
 .debug_macro   0x000000000000defe      0x474 ./Core/Src/bma280.o
 .debug_macro   0x000000000000e372      0x189 ./Core/Src/bma280.o
 .debug_macro   0x000000000000e4fb      0x13f ./Core/Src/bma280.o
 .debug_macro   0x000000000000e63a      0x10d ./Core/Src/bma280.o
 .debug_macro   0x000000000000e747       0x82 ./Core/Src/bma280.o
 .debug_macro   0x000000000000e7c9      0x28e ./Core/Src/bma280.o
 .debug_macro   0x000000000000ea57       0x28 ./Core/Src/bma280.o
 .debug_macro   0x000000000000ea7f      0x129 ./Core/Src/bma280.o
 .debug_macro   0x000000000000eba8      0x244 ./Core/Src/bma280.o
 .debug_macro   0x000000000000edec      0x22c ./Core/Src/bma280.o
 .debug_macro   0x000000000000f018       0x5b ./Core/Src/bma280.o
 .debug_macro   0x000000000000f073       0xa5 ./Core/Src/bma280.o
 .debug_macro   0x000000000000f118      0x18d ./Core/Src/bma280.o
 .debug_macro   0x000000000000f2a5       0x16 ./Core/Src/bma280.o
 .debug_macro   0x000000000000f2bb      0x30c ./Core/Src/bma280.o
 .debug_macro   0x000000000000f5c7      0x418 ./Core/Src/bma280.o
 .debug_macro   0x000000000000f9df       0xdd ./Core/Src/bma280.o
 .debug_macro   0x000000000000fabc      0x22c ./Core/Src/bma280.o
 .debug_macro   0x000000000000fce8      0x773 ./Core/Src/bma280.o
 .debug_macro   0x000000000001045b       0xc6 ./Core/Src/bma280.o
 .debug_macro   0x0000000000010521      0x5ba ./Core/Src/bma280.o
 .debug_macro   0x0000000000010adb       0x44 ./Core/Src/bma280.o
 .debug_macro   0x0000000000010b1f      0x12a ./Core/Src/bma280.o
 .debug_macro   0x0000000000010c49       0x1c ./Core/Src/bma280.o
 .debug_macro   0x0000000000010c65       0x10 ./Core/Src/bma280.o
 .debug_macro   0x0000000000010c75       0x10 ./Core/Src/bma280.o
 .debug_macro   0x0000000000010c85       0x1c ./Core/Src/bma280.o
 .debug_macro   0x0000000000010ca1       0x52 ./Core/Src/bma280.o
 .debug_macro   0x0000000000010cf3       0x22 ./Core/Src/bma280.o
 .debug_macro   0x0000000000010d15       0x10 ./Core/Src/bma280.o
 .debug_macro   0x0000000000010d25       0x52 ./Core/Src/bma280.o
 .debug_macro   0x0000000000010d77       0xd5 ./Core/Src/bma280.o
 .debug_macro   0x0000000000010e4c       0x1c ./Core/Src/bma280.o
 .debug_macro   0x0000000000010e68       0x3d ./Core/Src/bma280.o
 .debug_macro   0x0000000000010ea5       0x16 ./Core/Src/bma280.o
 .debug_macro   0x0000000000010ebb      0x145 ./Core/Src/bma280.o
 .debug_macro   0x0000000000011000       0x16 ./Core/Src/bma280.o
 .debug_macro   0x0000000000011016       0x16 ./Core/Src/bma280.o
 .debug_macro   0x000000000001102c       0x29 ./Core/Src/bma280.o
 .debug_macro   0x0000000000011055       0x4c ./Core/Src/bma280.o
 .debug_macro   0x00000000000110a1      0x14e ./Core/Src/bma280.o
 .debug_macro   0x00000000000111ef      0x3dc ./Core/Src/main.o
 .debug_macro   0x00000000000115cb       0x5b ./Core/Src/main.o
 .debug_macro   0x0000000000011626      0x37e ./Core/Src/mem.o
 .debug_macro   0x00000000000119a4       0x4c ./Core/Src/mem.o
 .debug_macro   0x00000000000119f0       0x94 ./Core/Src/mem.o
 .debug_macro   0x0000000000011a84       0x16 ./Core/Src/mem.o
 .debug_macro   0x0000000000011a9a       0x57 ./Core/Src/mem.o
 .debug_macro   0x0000000000011af1       0x97 ./Core/Src/mem.o
 .debug_macro   0x0000000000011b88       0xfd ./Core/Src/mem.o
 .debug_macro   0x0000000000011c85      0x3d6 ./Core/Src/stm32l0xx_hal_msp.o
 .debug_macro   0x000000000001205b      0x3e0 ./Core/Src/stm32l0xx_it.o
 .debug_macro   0x000000000001243b      0x1e7 ./Core/Src/system_stm32l0xx.o
 .debug_macro   0x0000000000012622      0x20b ./Drivers/STM32L0xx_HAL_Driver/Src/stm32l0xx_hal.o
 .debug_macro   0x000000000001282d      0x1e7 ./Drivers/STM32L0xx_HAL_Driver/Src/stm32l0xx_hal_cortex.o
 .debug_macro   0x0000000000012a14      0x1e7 ./Drivers/STM32L0xx_HAL_Driver/Src/stm32l0xx_hal_dma.o
 .debug_macro   0x0000000000012bfb      0x1ee ./Drivers/STM32L0xx_HAL_Driver/Src/stm32l0xx_hal_gpio.o
 .debug_macro   0x0000000000012de9      0x1ff ./Drivers/STM32L0xx_HAL_Driver/Src/stm32l0xx_hal_pwr.o
 .debug_macro   0x0000000000012fe8      0x21d ./Drivers/STM32L0xx_HAL_Driver/Src/stm32l0xx_hal_rcc.o
 .debug_macro   0x0000000000013205      0x1e7 ./Drivers/STM32L0xx_HAL_Driver/Src/stm32l0xx_hal_rcc_ex.o
 .debug_macro   0x00000000000133ec      0x1e8 ./Drivers/STM32L0xx_HAL_Driver/Src/stm32l0xx_hal_rtc.o
 .debug_macro   0x00000000000135d4      0x1f6 ./Drivers/STM32L0xx_HAL_Driver/Src/stm32l0xx_hal_spi.o
 .debug_macro   0x00000000000137ca      0x1e8 ./Drivers/STM32L0xx_HAL_Driver/Src/stm32l0xx_hal_tim.o
 .debug_macro   0x00000000000139b2      0x1e7 ./Drivers/STM32L0xx_HAL_Driver/Src/stm32l0xx_hal_tim_ex.o
 .debug_macro   0x0000000000013b99      0x212 ./Drivers/STM32L0xx_HAL_Driver/Src/stm32l0xx_hal_uart.o
 .debug_macro   0x0000000000013dab      0x1e7 ./Drivers/STM32L0xx_HAL_Driver/Src/stm32l0xx_hal_uart_ex.o

.debug_line     0x0000000000000000    0x12d3c
 .debug_line    0x0000000000000000      0xadf ./Core/Src/bma280.o
 .debug_line    0x0000000000000adf      0xd07 ./Core/Src/main.o
 .debug_line    0x00000000000017e6      0x935 ./Core/Src/mem.o
 .debug_line    0x000000000000211b      0xaa4 ./Core/Src/stm32l0xx_hal_msp.o
 .debug_line    0x0000000000002bbf      0xa4c ./Core/Src/stm32l0xx_it.o
 .debug_line    0x000000000000360b      0x7d7 ./Core/Src/system_stm32l0xx.o
 .debug_line    0x0000000000003de2       0x89 ./Core/Startup/startup_stm32l031g6ux.o
 .debug_line    0x0000000000003e6b      0xa7a ./Drivers/STM32L0xx_HAL_Driver/Src/stm32l0xx_hal.o
 .debug_line    0x00000000000048e5      0xa51 ./Drivers/STM32L0xx_HAL_Driver/Src/stm32l0xx_hal_cortex.o
 .debug_line    0x0000000000005336      0xc69 ./Drivers/STM32L0xx_HAL_Driver/Src/stm32l0xx_hal_dma.o
 .debug_line    0x0000000000005f9f      0xaf6 ./Drivers/STM32L0xx_HAL_Driver/Src/stm32l0xx_hal_gpio.o
 .debug_line    0x0000000000006a95      0x969 ./Drivers/STM32L0xx_HAL_Driver/Src/stm32l0xx_hal_pwr.o
 .debug_line    0x00000000000073fe      0xeba ./Drivers/STM32L0xx_HAL_Driver/Src/stm32l0xx_hal_rcc.o
 .debug_line    0x00000000000082b8      0xa9a ./Drivers/STM32L0xx_HAL_Driver/Src/stm32l0xx_hal_rcc_ex.o
 .debug_line    0x0000000000008d52     0x11b1 ./Drivers/STM32L0xx_HAL_Driver/Src/stm32l0xx_hal_rtc.o
 .debug_line    0x0000000000009f03     0x1ca2 ./Drivers/STM32L0xx_HAL_Driver/Src/stm32l0xx_hal_spi.o
 .debug_line    0x000000000000bba5     0x2f1e ./Drivers/STM32L0xx_HAL_Driver/Src/stm32l0xx_hal_tim.o
 .debug_line    0x000000000000eac3      0x7f4 ./Drivers/STM32L0xx_HAL_Driver/Src/stm32l0xx_hal_tim_ex.o
 .debug_line    0x000000000000f2b7     0x2d94 ./Drivers/STM32L0xx_HAL_Driver/Src/stm32l0xx_hal_uart.o
 .debug_line    0x000000000001204b      0xcf1 ./Drivers/STM32L0xx_HAL_Driver/Src/stm32l0xx_hal_uart_ex.o

.debug_str      0x0000000000000000    0x7638b
 .debug_str     0x0000000000000000    0x7239b ./Core/Src/bma280.o
                                      0x726f4 (size before relaxing)
 .debug_str     0x000000000007239b      0xdd0 ./Core/Src/main.o
                                      0x734b0 (size before relaxing)
 .debug_str     0x000000000007316b       0x56 ./Core/Src/mem.o
                                      0x71c51 (size before relaxing)
 .debug_str     0x00000000000731c1       0xf3 ./Core/Src/stm32l0xx_hal_msp.o
                                      0x72e7b (size before relaxing)
 .debug_str     0x00000000000732b4      0x12b ./Core/Src/stm32l0xx_it.o
                                      0x72ac9 (size before relaxing)
 .debug_str     0x00000000000733df       0x99 ./Core/Src/system_stm32l0xx.o
                                      0x6de7c (size before relaxing)
 .debug_str     0x0000000000073478       0x36 ./Core/Startup/startup_stm32l031g6ux.o
                                         0x6b (size before relaxing)
 .debug_str     0x00000000000734ae      0x47e ./Drivers/STM32L0xx_HAL_Driver/Src/stm32l0xx_hal.o
                                      0x6e520 (size before relaxing)
 .debug_str     0x000000000007392c      0x1b0 ./Drivers/STM32L0xx_HAL_Driver/Src/stm32l0xx_hal_cortex.o
                                      0x6e175 (size before relaxing)
 .debug_str     0x0000000000073adc      0x267 ./Drivers/STM32L0xx_HAL_Driver/Src/stm32l0xx_hal_dma.o
                                      0x6e1f0 (size before relaxing)
 .debug_str     0x0000000000073d43       0xad ./Drivers/STM32L0xx_HAL_Driver/Src/stm32l0xx_hal_gpio.o
                                      0x6e01c (size before relaxing)
 .debug_str     0x0000000000073df0      0x25e ./Drivers/STM32L0xx_HAL_Driver/Src/stm32l0xx_hal_pwr.o
                                      0x6e107 (size before relaxing)
 .debug_str     0x000000000007404e      0x2b7 ./Drivers/STM32L0xx_HAL_Driver/Src/stm32l0xx_hal_rcc.o
                                      0x6e37d (size before relaxing)
 .debug_str     0x0000000000074305      0x120 ./Drivers/STM32L0xx_HAL_Driver/Src/stm32l0xx_hal_rcc_ex.o
                                      0x6e080 (size before relaxing)
 .debug_str     0x0000000000074425      0x25d ./Drivers/STM32L0xx_HAL_Driver/Src/stm32l0xx_hal_rtc.o
                                      0x6e304 (size before relaxing)
 .debug_str     0x0000000000074682      0x531 ./Drivers/STM32L0xx_HAL_Driver/Src/stm32l0xx_hal_spi.o
                                      0x6e76b (size before relaxing)
 .debug_str     0x0000000000074bb3      0xd4a ./Drivers/STM32L0xx_HAL_Driver/Src/stm32l0xx_hal_tim.o
                                      0x6f144 (size before relaxing)
 .debug_str     0x00000000000758fd       0x51 ./Drivers/STM32L0xx_HAL_Driver/Src/stm32l0xx_hal_tim_ex.o
                                      0x6e2f9 (size before relaxing)
 .debug_str     0x000000000007594e      0x860 ./Drivers/STM32L0xx_HAL_Driver/Src/stm32l0xx_hal_uart.o
                                      0x6ec14 (size before relaxing)
 .debug_str     0x00000000000761ae      0x1dd ./Drivers/STM32L0xx_HAL_Driver/Src/stm32l0xx_hal_uart_ex.o
                                      0x6e4af (size before relaxing)

.comment        0x0000000000000000       0x50
 .comment       0x0000000000000000       0x50 ./Core/Src/bma280.o
                                         0x51 (size before relaxing)
 .comment       0x0000000000000050       0x51 ./Core/Src/main.o
 .comment       0x0000000000000050       0x51 ./Core/Src/mem.o
 .comment       0x0000000000000050       0x51 ./Core/Src/stm32l0xx_hal_msp.o
 .comment       0x0000000000000050       0x51 ./Core/Src/stm32l0xx_it.o
 .comment       0x0000000000000050       0x51 ./Core/Src/system_stm32l0xx.o
 .comment       0x0000000000000050       0x51 ./Drivers/STM32L0xx_HAL_Driver/Src/stm32l0xx_hal.o
 .comment       0x0000000000000050       0x51 ./Drivers/STM32L0xx_HAL_Driver/Src/stm32l0xx_hal_cortex.o
 .comment       0x0000000000000050       0x51 ./Drivers/STM32L0xx_HAL_Driver/Src/stm32l0xx_hal_dma.o
 .comment       0x0000000000000050       0x51 ./Drivers/STM32L0xx_HAL_Driver/Src/stm32l0xx_hal_gpio.o
 .comment       0x0000000000000050       0x51 ./Drivers/STM32L0xx_HAL_Driver/Src/stm32l0xx_hal_pwr.o
 .comment       0x0000000000000050       0x51 ./Drivers/STM32L0xx_HAL_Driver/Src/stm32l0xx_hal_rcc.o
 .comment       0x0000000000000050       0x51 ./Drivers/STM32L0xx_HAL_Driver/Src/stm32l0xx_hal_rcc_ex.o
 .comment       0x0000000000000050       0x51 ./Drivers/STM32L0xx_HAL_Driver/Src/stm32l0xx_hal_rtc.o
 .comment       0x0000000000000050       0x51 ./Drivers/STM32L0xx_HAL_Driver/Src/stm32l0xx_hal_spi.o
 .comment       0x0000000000000050       0x51 ./Drivers/STM32L0xx_HAL_Driver/Src/stm32l0xx_hal_tim.o
 .comment       0x0000000000000050       0x51 ./Drivers/STM32L0xx_HAL_Driver/Src/stm32l0xx_hal_tim_ex.o
 .comment       0x0000000000000050       0x51 ./Drivers/STM32L0xx_HAL_Driver/Src/stm32l0xx_hal_uart.o
 .comment       0x0000000000000050       0x51 ./Drivers/STM32L0xx_HAL_Driver/Src/stm32l0xx_hal_uart_ex.o

.debug_frame    0x0000000000000000     0x3794
 .debug_frame   0x0000000000000000       0xe4 ./Core/Src/bma280.o
 .debug_frame   0x00000000000000e4      0x164 ./Core/Src/main.o
 .debug_frame   0x0000000000000248       0x34 ./Core/Src/mem.o
 .debug_frame   0x000000000000027c      0x12c ./Core/Src/stm32l0xx_hal_msp.o
 .debug_frame   0x00000000000003a8      0x128 ./Core/Src/stm32l0xx_it.o
 .debug_frame   0x00000000000004d0       0x4c ./Core/Src/system_stm32l0xx.o
 .debug_frame   0x000000000000051c      0x394 ./Drivers/STM32L0xx_HAL_Driver/Src/stm32l0xx_hal.o
 .debug_frame   0x00000000000008b0      0x2a0 ./Drivers/STM32L0xx_HAL_Driver/Src/stm32l0xx_hal_cortex.o
 .debug_frame   0x0000000000000b50      0x1b0 ./Drivers/STM32L0xx_HAL_Driver/Src/stm32l0xx_hal_dma.o
 .debug_frame   0x0000000000000d00      0x110 ./Drivers/STM32L0xx_HAL_Driver/Src/stm32l0xx_hal_gpio.o
 .debug_frame   0x0000000000000e10      0x200 ./Drivers/STM32L0xx_HAL_Driver/Src/stm32l0xx_hal_pwr.o
 .debug_frame   0x0000000000001010      0x1a8 ./Drivers/STM32L0xx_HAL_Driver/Src/stm32l0xx_hal_rcc.o
 .debug_frame   0x00000000000011b8       0xfc ./Drivers/STM32L0xx_HAL_Driver/Src/stm32l0xx_hal_rcc_ex.o
 .debug_frame   0x00000000000012b4      0x330 ./Drivers/STM32L0xx_HAL_Driver/Src/stm32l0xx_hal_rtc.o
 .debug_frame   0x00000000000015e4      0x6f0 ./Drivers/STM32L0xx_HAL_Driver/Src/stm32l0xx_hal_spi.o
 .debug_frame   0x0000000000001cd4      0xef8 ./Drivers/STM32L0xx_HAL_Driver/Src/stm32l0xx_hal_tim.o
 .debug_frame   0x0000000000002bcc       0x50 ./Drivers/STM32L0xx_HAL_Driver/Src/stm32l0xx_hal_tim_ex.o
 .debug_frame   0x0000000000002c1c      0x854 ./Drivers/STM32L0xx_HAL_Driver/Src/stm32l0xx_hal_uart.o
 .debug_frame   0x0000000000003470      0x198 ./Drivers/STM32L0xx_HAL_Driver/Src/stm32l0xx_hal_uart_ex.o
 .debug_frame   0x0000000000003608       0x2c c:/st/stm32cubeide_1.9.0/stm32cubeide/plugins/com.st.stm32cube.ide.mcu.externaltools.gnu-tools-for-stm32.10.3-2021.10.win32_1.0.0.202111181127/tools/bin/../lib/gcc/arm-none-eabi/10.3.1/../../../../arm-none-eabi/lib/thumb/v6-m/nofp\libc_nano.a(lib_a-init.o)
 .debug_frame   0x0000000000003634       0x40 c:/st/stm32cubeide_1.9.0/stm32cubeide/plugins/com.st.stm32cube.ide.mcu.externaltools.gnu-tools-for-stm32.10.3-2021.10.win32_1.0.0.202111181127/tools/bin/../lib/gcc/arm-none-eabi/10.3.1/../../../../arm-none-eabi/lib/thumb/v6-m/nofp\libc_nano.a(lib_a-itoa.o)
 .debug_frame   0x0000000000003674       0x20 c:/st/stm32cubeide_1.9.0/stm32cubeide/plugins/com.st.stm32cube.ide.mcu.externaltools.gnu-tools-for-stm32.10.3-2021.10.win32_1.0.0.202111181127/tools/bin/../lib/gcc/arm-none-eabi/10.3.1/../../../../arm-none-eabi/lib/thumb/v6-m/nofp\libc_nano.a(lib_a-memset.o)
 .debug_frame   0x0000000000003694       0x48 c:/st/stm32cubeide_1.9.0/stm32cubeide/plugins/com.st.stm32cube.ide.mcu.externaltools.gnu-tools-for-stm32.10.3-2021.10.win32_1.0.0.202111181127/tools/bin/../lib/gcc/arm-none-eabi/10.3.1/../../../../arm-none-eabi/lib/thumb/v6-m/nofp\libc_nano.a(lib_a-utoa.o)
 .debug_frame   0x00000000000036dc       0x28 c:/st/stm32cubeide_1.9.0/stm32cubeide/plugins/com.st.stm32cube.ide.mcu.externaltools.gnu-tools-for-stm32.10.3-2021.10.win32_1.0.0.202111181127/tools/bin/../lib/gcc/arm-none-eabi/10.3.1/../../../../arm-none-eabi/lib/thumb/v6-m/nofp\libc_nano.a(lib_a-memcpy-stub.o)
 .debug_frame   0x0000000000003704       0x20 c:/st/stm32cubeide_1.9.0/stm32cubeide/plugins/com.st.stm32cube.ide.mcu.externaltools.gnu-tools-for-stm32.10.3-2021.10.win32_1.0.0.202111181127/tools/bin/../lib/gcc/arm-none-eabi/10.3.1/thumb/v6-m/nofp\libgcc.a(_udivsi3.o)
 .debug_frame   0x0000000000003724       0x34 c:/st/stm32cubeide_1.9.0/stm32cubeide/plugins/com.st.stm32cube.ide.mcu.externaltools.gnu-tools-for-stm32.10.3-2021.10.win32_1.0.0.202111181127/tools/bin/../lib/gcc/arm-none-eabi/10.3.1/thumb/v6-m/nofp\libgcc.a(_muldi3.o)
 .debug_frame   0x0000000000003758       0x3c c:/st/stm32cubeide_1.9.0/stm32cubeide/plugins/com.st.stm32cube.ide.mcu.externaltools.gnu-tools-for-stm32.10.3-2021.10.win32_1.0.0.202111181127/tools/bin/../lib/gcc/arm-none-eabi/10.3.1/thumb/v6-m/nofp\libgcc.a(_udivmoddi4.o)
